// Jest Snapshot v1, https://goo.gl/fbAQLP

exports[`InvolvedTeamSummary matches snapshot: wrapper mount 1`] = `
.emotion-14 {
  color: #231f20;
  font-family: 'SF Pro Text','SF Pro Icons','Helvetica Neue',Helvetica,Arial,sans-serif;
  font-size: 0.8rem;
  background: #FFFFFF;
  color: #231f20;
  margin-bottom: 0.5rem;
  border-radius: 4px;
  box-shadow: 3px 3px 3px #666666;
  margin: 0 5px 10px 0;
  -webkit-font-smoothing: antialiased;
}

.emotion-14 *,
.emotion-14 ::before,
.emotion-14 ::after {
  box-sizing: border-box;
  padding: 0;
  margin: 0;
}

.emotion-14 * {
  margin: 0;
  padding: 0;
}

.emotion-14 h3 {
  font-size: 1rem;
}

@media only screen and (min-width:768px) {
  .emotion-14 {
    font-size: 0.9rem;
  }

  .emotion-14 h3 {
    font-size: 1.1rem;
  }
}

@media only screen and (min-width:1024px) {
  .emotion-14 {
    font-size: 1rem;
  }

  .emotion-14 h3 {
    font-size: 1.2rem;
  }
}

@media only screen and (min-width:1200px) {
  .emotion-14 {
    font-size: 1.1rem;
  }

  .emotion-14 h3 {
    font-size: 1.3rem;
  }
}

.emotion-0 {
  padding: 0.5rem;
}

.emotion-13 {
  list-style: none;
  padding-left: 0.5rem;
}

.emotion-13 li {
  border-top: 1px solid #b0b0b0;
  padding: 0.5rem 0.5rem 0.5rem 0;
}

.emotion-13 li:hover {
  cursor: pointer;
  background: #E8EDEE;
}

.emotion-6 {
  display: -webkit-box;
  display: -webkit-flex;
  display: -ms-flexbox;
  display: flex;
  -webkit-box-pack: center;
  -webkit-justify-content: center;
  -ms-flex-pack: center;
  justify-content: center;
}

.emotion-3 {
  -webkit-box-flex: 1;
  -webkit-flex-grow: 1;
  -ms-flex-positive: 1;
  flex-grow: 1;
}

.emotion-1 {
  color: #231f20;
  text-align: left;
}

.emotion-2 {
  color: #768692;
  text-align: left;
}

.emotion-4 {
  color: #231f20;
  text-align: right;
}

.emotion-5 {
  color: #768692;
  text-align: right;
}

<InvolvedTeamSummary
  clickHandler={[Function]}
  episodeOfCares={
    Array [
      Object {
        "careManager": Object {
          "display": "Bella Swann (0113 111111)",
          "typeName": "Care Manager",
        },
        "id": "580ca927-34e0-e911-a2c7-005056926fe4|involvedteam",
        "metadata": Object {
          "dataSources": Array [
            Object {
              "display": "Mock",
            },
          ],
        },
        "period": Object {
          "end": Object {
            "kind": "DATE",
            "value": "2020-01-02T00:00:00+00:00",
          },
          "start": Object {
            "kind": "DATE",
            "value": "2018-12-01T00:00:00+00:00",
          },
        },
        "status": "FINISHED",
        "team": Array [
          Object {
            "display": "LYPFT Outbound Care Team",
            "typeName": "Test Team",
          },
        ],
        "type": Array [
          Object {
            "coding": Array [
              Object {
                "code": "109007",
                "display": "Community Care",
              },
            ],
          },
        ],
      },
      Object {
        "careManager": Object {
          "display": "Joe Bloggs (0113 000000)",
          "typeName": "Care Manager",
        },
        "id": "690ca927-68e0-c511-b2c7-898056926ze4|involvedteam",
        "metadata": Object {
          "dataSources": Array [
            Object {
              "display": "Mock",
            },
          ],
        },
        "period": Object {
          "start": Object {
            "kind": "DATE",
            "value": "2019-12-01T00:00:00+00:00",
          },
        },
        "status": "ACTIVE",
        "team": Array [
          Object {
            "display": "LYPFT Inbound Care Team",
            "typeName": "Test Team",
          },
        ],
        "type": Array [
          Object {
            "coding": Array [
              Object {
                "code": "109016",
                "display": "Home Care",
              },
            ],
          },
        ],
      },
    ]
  }
  title="Involved Teams"
>
  <Widget>
    <div
      className="emotion-14"
    >
      <WidgetHeader>
        <div
          className="emotion-0"
        >
          <h3>
            Involved Teams
          </h3>
        </div>
      </WidgetHeader>
      <WidgetList
        clickable={true}
      >
        <ul
          className="emotion-13"
        >
          <WidgetListItem
            key="0"
          >
            <li>
              <InvolvedTeamSummaryItem
                clickHandler={[Function]}
                episodeOfCare={
                  Object {
                    "careManager": Object {
                      "display": "Bella Swann (0113 111111)",
                      "typeName": "Care Manager",
                    },
                    "id": "580ca927-34e0-e911-a2c7-005056926fe4|involvedteam",
                    "metadata": Object {
                      "dataSources": Array [
                        Object {
                          "display": "Mock",
                        },
                      ],
                    },
                    "period": Object {
                      "end": Object {
                        "kind": "DATE",
                        "value": "2020-01-02T00:00:00+00:00",
                      },
                      "start": Object {
                        "kind": "DATE",
                        "value": "2018-12-01T00:00:00+00:00",
                      },
                    },
                    "status": "FINISHED",
                    "team": Array [
                      Object {
                        "display": "LYPFT Outbound Care Team",
                        "typeName": "Test Team",
                      },
                    ],
                    "type": Array [
                      Object {
                        "coding": Array [
                          Object {
                            "code": "109007",
                            "display": "Community Care",
                          },
                        ],
                      },
                    ],
                  }
                }
              >
                <div
                  className="emotion-6"
                  onClick={[Function]}
                >
                  <div
                    className="emotion-3"
                  >
                    <InvolvedTeamTitle
                      episodeOfCare={
                        Object {
                          "careManager": Object {
                            "display": "Bella Swann (0113 111111)",
                            "typeName": "Care Manager",
                          },
                          "id": "580ca927-34e0-e911-a2c7-005056926fe4|involvedteam",
                          "metadata": Object {
                            "dataSources": Array [
                              Object {
                                "display": "Mock",
                              },
                            ],
                          },
                          "period": Object {
                            "end": Object {
                              "kind": "DATE",
                              "value": "2020-01-02T00:00:00+00:00",
                            },
                            "start": Object {
                              "kind": "DATE",
                              "value": "2018-12-01T00:00:00+00:00",
                            },
                          },
                          "status": "FINISHED",
                          "team": Array [
                            Object {
                              "display": "LYPFT Outbound Care Team",
                              "typeName": "Test Team",
                            },
                          ],
                          "type": Array [
                            Object {
                              "coding": Array [
                                Object {
                                  "code": "109007",
                                  "display": "Community Care",
                                },
                              ],
                            },
                          ],
                        }
                      }
                    >
                      <div
                        className="emotion-1"
                      >
                        LYPFT Outbound Care Team
                      </div>
                    </InvolvedTeamTitle>
                    <InvolvedTeamDescription
                      episodeOfCare={
                        Object {
                          "careManager": Object {
                            "display": "Bella Swann (0113 111111)",
                            "typeName": "Care Manager",
                          },
                          "id": "580ca927-34e0-e911-a2c7-005056926fe4|involvedteam",
                          "metadata": Object {
                            "dataSources": Array [
                              Object {
                                "display": "Mock",
                              },
                            ],
                          },
                          "period": Object {
                            "end": Object {
                              "kind": "DATE",
                              "value": "2020-01-02T00:00:00+00:00",
                            },
                            "start": Object {
                              "kind": "DATE",
                              "value": "2018-12-01T00:00:00+00:00",
                            },
                          },
                          "status": "FINISHED",
                          "team": Array [
                            Object {
                              "display": "LYPFT Outbound Care Team",
                              "typeName": "Test Team",
                            },
                          ],
                          "type": Array [
                            Object {
                              "coding": Array [
                                Object {
                                  "code": "109007",
                                  "display": "Community Care",
                                },
                              ],
                            },
                          ],
                        }
                      }
                    >
                      <div
                        className="emotion-2"
                      >
                        Bella Swann (0113 111111)
                      </div>
                    </InvolvedTeamDescription>
                  </div>
                  <div>
                    <InvolvedTeamPeriod
                      episodeOfCare={
                        Object {
                          "careManager": Object {
                            "display": "Bella Swann (0113 111111)",
                            "typeName": "Care Manager",
                          },
                          "id": "580ca927-34e0-e911-a2c7-005056926fe4|involvedteam",
                          "metadata": Object {
                            "dataSources": Array [
                              Object {
                                "display": "Mock",
                              },
                            ],
                          },
                          "period": Object {
                            "end": Object {
                              "kind": "DATE",
                              "value": "2020-01-02T00:00:00+00:00",
                            },
                            "start": Object {
                              "kind": "DATE",
                              "value": "2018-12-01T00:00:00+00:00",
                            },
                          },
                          "status": "FINISHED",
                          "team": Array [
                            Object {
                              "display": "LYPFT Outbound Care Team",
                              "typeName": "Test Team",
                            },
                          ],
                          "type": Array [
                            Object {
                              "coding": Array [
                                Object {
                                  "code": "109007",
                                  "display": "Community Care",
                                },
                              ],
                            },
                          ],
                        }
                      }
                    >
                      <div
                        className="emotion-4"
                      >
                        01-Dec-2018 to 02-Jan-2020
                      </div>
                    </InvolvedTeamPeriod>
                    <InvolvedTeamType
                      episodeOfCare={
                        Object {
                          "careManager": Object {
                            "display": "Bella Swann (0113 111111)",
                            "typeName": "Care Manager",
                          },
                          "id": "580ca927-34e0-e911-a2c7-005056926fe4|involvedteam",
                          "metadata": Object {
                            "dataSources": Array [
                              Object {
                                "display": "Mock",
                              },
                            ],
                          },
                          "period": Object {
                            "end": Object {
                              "kind": "DATE",
                              "value": "2020-01-02T00:00:00+00:00",
                            },
                            "start": Object {
                              "kind": "DATE",
                              "value": "2018-12-01T00:00:00+00:00",
                            },
                          },
                          "status": "FINISHED",
                          "team": Array [
                            Object {
                              "display": "LYPFT Outbound Care Team",
                              "typeName": "Test Team",
                            },
                          ],
                          "type": Array [
                            Object {
                              "coding": Array [
                                Object {
                                  "code": "109007",
                                  "display": "Community Care",
                                },
                              ],
                            },
                          ],
                        }
                      }
                    >
                      <div
                        className="emotion-5"
                      >
                        Finished
                      </div>
                    </InvolvedTeamType>
                  </div>
                </div>
              </InvolvedTeamSummaryItem>
            </li>
          </WidgetListItem>
          <WidgetListItem
            key="1"
          >
            <li>
              <InvolvedTeamSummaryItem
                clickHandler={[Function]}
                episodeOfCare={
                  Object {
                    "careManager": Object {
                      "display": "Joe Bloggs (0113 000000)",
                      "typeName": "Care Manager",
                    },
                    "id": "690ca927-68e0-c511-b2c7-898056926ze4|involvedteam",
                    "metadata": Object {
                      "dataSources": Array [
                        Object {
                          "display": "Mock",
                        },
                      ],
                    },
                    "period": Object {
                      "start": Object {
                        "kind": "DATE",
                        "value": "2019-12-01T00:00:00+00:00",
                      },
                    },
                    "status": "ACTIVE",
                    "team": Array [
                      Object {
                        "display": "LYPFT Inbound Care Team",
                        "typeName": "Test Team",
                      },
                    ],
                    "type": Array [
                      Object {
                        "coding": Array [
                          Object {
                            "code": "109016",
                            "display": "Home Care",
                          },
                        ],
                      },
                    ],
                  }
                }
              >
                <div
                  className="emotion-6"
                  onClick={[Function]}
                >
                  <div
                    className="emotion-3"
                  >
                    <InvolvedTeamTitle
                      episodeOfCare={
                        Object {
                          "careManager": Object {
                            "display": "Joe Bloggs (0113 000000)",
                            "typeName": "Care Manager",
                          },
                          "id": "690ca927-68e0-c511-b2c7-898056926ze4|involvedteam",
                          "metadata": Object {
                            "dataSources": Array [
                              Object {
                                "display": "Mock",
                              },
                            ],
                          },
                          "period": Object {
                            "start": Object {
                              "kind": "DATE",
                              "value": "2019-12-01T00:00:00+00:00",
                            },
                          },
                          "status": "ACTIVE",
                          "team": Array [
                            Object {
                              "display": "LYPFT Inbound Care Team",
                              "typeName": "Test Team",
                            },
                          ],
                          "type": Array [
                            Object {
                              "coding": Array [
                                Object {
                                  "code": "109016",
                                  "display": "Home Care",
                                },
                              ],
                            },
                          ],
                        }
                      }
                    >
                      <div
                        className="emotion-1"
                      >
                        LYPFT Inbound Care Team
                      </div>
                    </InvolvedTeamTitle>
                    <InvolvedTeamDescription
                      episodeOfCare={
                        Object {
                          "careManager": Object {
                            "display": "Joe Bloggs (0113 000000)",
                            "typeName": "Care Manager",
                          },
                          "id": "690ca927-68e0-c511-b2c7-898056926ze4|involvedteam",
                          "metadata": Object {
                            "dataSources": Array [
                              Object {
                                "display": "Mock",
                              },
                            ],
                          },
                          "period": Object {
                            "start": Object {
                              "kind": "DATE",
                              "value": "2019-12-01T00:00:00+00:00",
                            },
                          },
                          "status": "ACTIVE",
                          "team": Array [
                            Object {
                              "display": "LYPFT Inbound Care Team",
                              "typeName": "Test Team",
                            },
                          ],
                          "type": Array [
                            Object {
                              "coding": Array [
                                Object {
                                  "code": "109016",
                                  "display": "Home Care",
                                },
                              ],
                            },
                          ],
                        }
                      }
                    >
                      <div
                        className="emotion-2"
                      >
                        Joe Bloggs (0113 000000)
                      </div>
                    </InvolvedTeamDescription>
                  </div>
                  <div>
                    <InvolvedTeamPeriod
                      episodeOfCare={
                        Object {
                          "careManager": Object {
                            "display": "Joe Bloggs (0113 000000)",
                            "typeName": "Care Manager",
                          },
                          "id": "690ca927-68e0-c511-b2c7-898056926ze4|involvedteam",
                          "metadata": Object {
                            "dataSources": Array [
                              Object {
                                "display": "Mock",
                              },
                            ],
                          },
                          "period": Object {
                            "start": Object {
                              "kind": "DATE",
                              "value": "2019-12-01T00:00:00+00:00",
                            },
                          },
                          "status": "ACTIVE",
                          "team": Array [
                            Object {
                              "display": "LYPFT Inbound Care Team",
                              "typeName": "Test Team",
                            },
                          ],
                          "type": Array [
                            Object {
                              "coding": Array [
                                Object {
                                  "code": "109016",
                                  "display": "Home Care",
                                },
                              ],
                            },
                          ],
                        }
                      }
                    >
                      <div
                        className="emotion-4"
                      >
                        01-Dec-2019 to Present
                      </div>
                    </InvolvedTeamPeriod>
                    <InvolvedTeamType
                      episodeOfCare={
                        Object {
                          "careManager": Object {
                            "display": "Joe Bloggs (0113 000000)",
                            "typeName": "Care Manager",
                          },
                          "id": "690ca927-68e0-c511-b2c7-898056926ze4|involvedteam",
                          "metadata": Object {
                            "dataSources": Array [
                              Object {
                                "display": "Mock",
                              },
                            ],
                          },
                          "period": Object {
                            "start": Object {
                              "kind": "DATE",
                              "value": "2019-12-01T00:00:00+00:00",
                            },
                          },
                          "status": "ACTIVE",
                          "team": Array [
                            Object {
                              "display": "LYPFT Inbound Care Team",
                              "typeName": "Test Team",
                            },
                          ],
                          "type": Array [
                            Object {
                              "coding": Array [
                                Object {
                                  "code": "109016",
                                  "display": "Home Care",
                                },
                              ],
                            },
                          ],
                        }
                      }
                    >
                      <div
                        className="emotion-5"
                      >
                        Active
                      </div>
                    </InvolvedTeamType>
                  </div>
                </div>
              </InvolvedTeamSummaryItem>
            </li>
          </WidgetListItem>
        </ul>
      </WidgetList>
    </div>
  </Widget>
</InvolvedTeamSummary>
`;
