// Jest Snapshot v1, https://goo.gl/fbAQLP

exports[`CarePlanSummary matches snapshot: wrapper mount 1`] = `
.emotion-4 {
  display: -webkit-box;
  display: -webkit-flex;
  display: -ms-flexbox;
  display: flex;
  -webkit-box-pack: center;
  -webkit-justify-content: center;
  -ms-flex-pack: center;
  justify-content: center;
}

.emotion-1 {
  -webkit-box-flex: 1;
  -webkit-flex-grow: 1;
  -ms-flex-positive: 1;
  flex-grow: 1;
  text-align: left;
}

.emotion-0 {
  color: #768692;
}

.emotion-3 {
  text-align: right;
}

.emotion-2 {
  color: #231f20;
}

.emotion-7 {
  -webkit-box-flex: 1;
  -webkit-flex-grow: 1;
  -ms-flex-positive: 1;
  flex-grow: 1;
}

.emotion-5 {
  color: #231f20;
  text-align: left;
}

.emotion-6 {
  color: -v-a-l-u-e:#768692;
  -d-a-r-k-e-r25: #59656e;
  -l-i-g-h-t-e-r25: #98a4ad;
  text-align: left;
}

.emotion-10 {
  text-align: right;
}

.emotion-9 {
  color: -v-a-l-u-e:#768692;
  -d-a-r-k-e-r25: #59656e;
  -l-i-g-h-t-e-r25: #98a4ad;
  text-align: right;
}

<CarePlanSummary
  carePlans={
    Array [
      Object {
        "author": Array [
          Object {
            "display": "Dr Joe Bloggs",
            "typeName": "Test",
          },
          Object {
            "display": "Dr Adam Careplan",
            "typeName": "Test",
          },
        ],
        "careTeam": Array [
          Object {
            "display": "LYPFT Care Team 1",
            "typeName": "Team",
          },
        ],
        "description": "Sed ut perspiciatis unde omnis iste natus error sit voluptatem accusantium doloremque laudantium, totam rem aperiam, eaque ipsa quae ab illo inventore veritatis et quasi architecto beatae vitae dicta sunt explicabo",
        "id": "580ca927-34e0-e911-a2c7-005056926fe4|careplan",
        "intent": "PLAN",
        "metadata": Object {
          "dataSources": Array [
            Object {
              "display": "Mock",
            },
          ],
          "isRedacted": true,
          "requestedWhen": "",
        },
        "period": Object {
          "end": Object {
            "kind": "DATE",
            "value": "2014-02-02T00:00:00+00:00",
          },
          "start": Object {
            "kind": "DATE",
            "value": "2013-01-01T00:00:00+00:00",
          },
        },
        "status": "ACTIVE",
        "text": Object {
          "div": "",
          "text": "Itaque earum rerum hic tenetur a sapiente delectus, ut aut reiciendis voluptatibus maiores alias consequatur aut perferendis doloribus asperiores repellat.",
        },
        "title": "Mental Health Crisis Plan",
      },
      Object {
        "author": Array [
          Object {
            "display": "John Mclane",
            "typeName": "Test",
          },
        ],
        "careTeam": Array [
          Object {
            "display": "LYPFT Care Team 2",
            "typeName": "Team",
          },
        ],
        "id": "690ca927-68e0-c511-b2c7-898056926ze4|careplan",
        "intent": "PROPOSAL",
        "metadata": Object {
          "dataSources": Array [
            Object {
              "display": "Mock",
            },
          ],
          "isRedacted": false,
          "requestedWhen": "",
        },
        "period": Object {
          "end": Object {
            "kind": "DATE",
            "value": "2015-03-04T00:00:00+00:00",
          },
          "start": Object {
            "kind": "DATE",
            "value": "2014-02-02T00:00:00+00:00",
          },
        },
        "status": "COMPLETED",
        "title": "Test Care Plan",
      },
    ]
  }
>
  <ListItem
    key="580ca927-34e0-e911-a2c7-005056926fe4|careplan"
  >
    <li>
      <CarePlanSummaryItem
        carePlan={
          Object {
            "author": Array [
              Object {
                "display": "Dr Joe Bloggs",
                "typeName": "Test",
              },
              Object {
                "display": "Dr Adam Careplan",
                "typeName": "Test",
              },
            ],
            "careTeam": Array [
              Object {
                "display": "LYPFT Care Team 1",
                "typeName": "Team",
              },
            ],
            "description": "Sed ut perspiciatis unde omnis iste natus error sit voluptatem accusantium doloremque laudantium, totam rem aperiam, eaque ipsa quae ab illo inventore veritatis et quasi architecto beatae vitae dicta sunt explicabo",
            "id": "580ca927-34e0-e911-a2c7-005056926fe4|careplan",
            "intent": "PLAN",
            "metadata": Object {
              "dataSources": Array [
                Object {
                  "display": "Mock",
                },
              ],
              "isRedacted": true,
              "requestedWhen": "",
            },
            "period": Object {
              "end": Object {
                "kind": "DATE",
                "value": "2014-02-02T00:00:00+00:00",
              },
              "start": Object {
                "kind": "DATE",
                "value": "2013-01-01T00:00:00+00:00",
              },
            },
            "status": "ACTIVE",
            "text": Object {
              "div": "",
              "text": "Itaque earum rerum hic tenetur a sapiente delectus, ut aut reiciendis voluptatibus maiores alias consequatur aut perferendis doloribus asperiores repellat.",
            },
            "title": "Mental Health Crisis Plan",
          }
        }
      >
        <div
          className="emotion-4"
          role="link"
        >
          <RedactedPeriodSummaryItem
            period={
              Object {
                "end": Object {
                  "kind": "DATE",
                  "value": "2014-02-02T00:00:00+00:00",
                },
                "start": Object {
                  "kind": "DATE",
                  "value": "2013-01-01T00:00:00+00:00",
                },
              }
            }
            position="LEFT"
          >
            <div
              className="emotion-1"
            >
              <RedactedDescription>
                <div
                  className="emotion-0"
                >
                  Insufficient privileges
                </div>
              </RedactedDescription>
            </div>
            <div
              className="emotion-3"
            >
              <PeriodSummary
                period={
                  Object {
                    "end": Object {
                      "kind": "DATE",
                      "value": "2014-02-02T00:00:00+00:00",
                    },
                    "start": Object {
                      "kind": "DATE",
                      "value": "2013-01-01T00:00:00+00:00",
                    },
                  }
                }
              >
                <div
                  className="emotion-2"
                >
                  01-Jan-2013 to 02-Feb-2014
                </div>
              </PeriodSummary>
            </div>
          </RedactedPeriodSummaryItem>
        </div>
      </CarePlanSummaryItem>
    </li>
  </ListItem>
  <ListItem
    key="690ca927-68e0-c511-b2c7-898056926ze4|careplan"
  >
    <li>
      <CarePlanSummaryItem
        carePlan={
          Object {
            "author": Array [
              Object {
                "display": "John Mclane",
                "typeName": "Test",
              },
            ],
            "careTeam": Array [
              Object {
                "display": "LYPFT Care Team 2",
                "typeName": "Team",
              },
            ],
            "id": "690ca927-68e0-c511-b2c7-898056926ze4|careplan",
            "intent": "PROPOSAL",
            "metadata": Object {
              "dataSources": Array [
                Object {
                  "display": "Mock",
                },
              ],
              "isRedacted": false,
              "requestedWhen": "",
            },
            "period": Object {
              "end": Object {
                "kind": "DATE",
                "value": "2015-03-04T00:00:00+00:00",
              },
              "start": Object {
                "kind": "DATE",
                "value": "2014-02-02T00:00:00+00:00",
              },
            },
            "status": "COMPLETED",
            "title": "Test Care Plan",
          }
        }
      >
        <div
          className="emotion-4"
          role="link"
        >
          <div
            className="emotion-7"
          >
            <CarePlanTitle
              carePlan={
                Object {
                  "author": Array [
                    Object {
                      "display": "John Mclane",
                      "typeName": "Test",
                    },
                  ],
                  "careTeam": Array [
                    Object {
                      "display": "LYPFT Care Team 2",
                      "typeName": "Team",
                    },
                  ],
                  "id": "690ca927-68e0-c511-b2c7-898056926ze4|careplan",
                  "intent": "PROPOSAL",
                  "metadata": Object {
                    "dataSources": Array [
                      Object {
                        "display": "Mock",
                      },
                    ],
                    "isRedacted": false,
                    "requestedWhen": "",
                  },
                  "period": Object {
                    "end": Object {
                      "kind": "DATE",
                      "value": "2015-03-04T00:00:00+00:00",
                    },
                    "start": Object {
                      "kind": "DATE",
                      "value": "2014-02-02T00:00:00+00:00",
                    },
                  },
                  "status": "COMPLETED",
                  "title": "Test Care Plan",
                }
              }
            >
              <div
                className="emotion-5"
              >
                Test Care Plan
              </div>
            </CarePlanTitle>
            <CarePlanDescription
              carePlan={
                Object {
                  "author": Array [
                    Object {
                      "display": "John Mclane",
                      "typeName": "Test",
                    },
                  ],
                  "careTeam": Array [
                    Object {
                      "display": "LYPFT Care Team 2",
                      "typeName": "Team",
                    },
                  ],
                  "id": "690ca927-68e0-c511-b2c7-898056926ze4|careplan",
                  "intent": "PROPOSAL",
                  "metadata": Object {
                    "dataSources": Array [
                      Object {
                        "display": "Mock",
                      },
                    ],
                    "isRedacted": false,
                    "requestedWhen": "",
                  },
                  "period": Object {
                    "end": Object {
                      "kind": "DATE",
                      "value": "2015-03-04T00:00:00+00:00",
                    },
                    "start": Object {
                      "kind": "DATE",
                      "value": "2014-02-02T00:00:00+00:00",
                    },
                  },
                  "status": "COMPLETED",
                  "title": "Test Care Plan",
                }
              }
            >
              <div
                className="emotion-6"
              >
                John Mclane - LYPFT Care Team 2
              </div>
            </CarePlanDescription>
          </div>
          <div
            className="emotion-10"
          >
            <PeriodSummary
              period={
                Object {
                  "end": Object {
                    "kind": "DATE",
                    "value": "2015-03-04T00:00:00+00:00",
                  },
                  "start": Object {
                    "kind": "DATE",
                    "value": "2014-02-02T00:00:00+00:00",
                  },
                }
              }
            >
              <div
                className="emotion-2"
              >
                02-Feb-2014 to 04-Mar-2015
              </div>
            </PeriodSummary>
            <CarePlanStatus
              carePlan={
                Object {
                  "author": Array [
                    Object {
                      "display": "John Mclane",
                      "typeName": "Test",
                    },
                  ],
                  "careTeam": Array [
                    Object {
                      "display": "LYPFT Care Team 2",
                      "typeName": "Team",
                    },
                  ],
                  "id": "690ca927-68e0-c511-b2c7-898056926ze4|careplan",
                  "intent": "PROPOSAL",
                  "metadata": Object {
                    "dataSources": Array [
                      Object {
                        "display": "Mock",
                      },
                    ],
                    "isRedacted": false,
                    "requestedWhen": "",
                  },
                  "period": Object {
                    "end": Object {
                      "kind": "DATE",
                      "value": "2015-03-04T00:00:00+00:00",
                    },
                    "start": Object {
                      "kind": "DATE",
                      "value": "2014-02-02T00:00:00+00:00",
                    },
                  },
                  "status": "COMPLETED",
                  "title": "Test Care Plan",
                }
              }
            >
              <div
                className="emotion-9"
              >
                Proposal - Completed
              </div>
            </CarePlanStatus>
          </div>
        </div>
      </CarePlanSummaryItem>
    </li>
  </ListItem>
</CarePlanSummary>
`;
