// Jest Snapshot v1, https://goo.gl/fbAQLP

exports[`HospitalStaySummary matches snapshot: wrapper mount 1`] = `
.emotion-2 {
  display: -webkit-box;
  display: -webkit-flex;
  display: -ms-flexbox;
  display: flex;
  -webkit-box-pack: center;
  -webkit-justify-content: center;
  -ms-flex-pack: center;
  justify-content: center;
}

.emotion-2 > div {
  -webkit-box-flex: 1;
  -webkit-flex-grow: 1;
  -ms-flex-positive: 1;
  flex-grow: 1;
}

.emotion-0 {
  color: #231f20;
  text-align: left;
}

.emotion-1 {
  color: -v-a-l-u-e:#768692;
  -d-a-r-k-e-r25: #59656e;
  -l-i-g-h-t-e-r25: #98a4ad;
  text-align: right;
}

<HospitalStaySummary
  hospitalStays={
    Array [
      Object {
        "id": "580ca927-34e0-e911-a2c7-005056926fe4|hospitalstay",
        "metadata": Object {
          "dataSources": Array [
            Object {
              "display": "Mock",
            },
          ],
          "isRedacted": true,
          "requestedWhen": "",
        },
        "period": Object {
          "end": Object {
            "kind": "DATE",
            "value": "2014-02-02T00:00:00+00:00",
          },
          "start": Object {
            "kind": "DATE",
            "value": "2013-01-01T00:00:00+00:00",
          },
        },
        "serviceProvider": Object {
          "display": "Chapel Allerton Hospital",
          "typeName": "Hospital",
        },
      },
      Object {
        "id": "690ca927-68e0-c511-b2c7-898056926ze4|hospitalstay",
        "metadata": Object {
          "dataSources": Array [
            Object {
              "display": "Mock",
            },
          ],
          "isRedacted": true,
          "requestedWhen": "",
        },
        "period": Object {
          "start": Object {
            "kind": "DATE",
            "value": "2020-01-01T00:00:00+00:00",
          },
        },
        "serviceProvider": Object {
          "display": "Beaumont Hospital",
          "typeName": "Hospital",
        },
      },
    ]
  }
>
  <ListItem
    key="580ca927-34e0-e911-a2c7-005056926fe4|hospitalstay"
  >
    <li>
      <HospitalStaySummaryItem
        hospitalStay={
          Object {
            "id": "580ca927-34e0-e911-a2c7-005056926fe4|hospitalstay",
            "metadata": Object {
              "dataSources": Array [
                Object {
                  "display": "Mock",
                },
              ],
              "isRedacted": true,
              "requestedWhen": "",
            },
            "period": Object {
              "end": Object {
                "kind": "DATE",
                "value": "2014-02-02T00:00:00+00:00",
              },
              "start": Object {
                "kind": "DATE",
                "value": "2013-01-01T00:00:00+00:00",
              },
            },
            "serviceProvider": Object {
              "display": "Chapel Allerton Hospital",
              "typeName": "Hospital",
            },
          }
        }
      >
        <div
          className="emotion-2"
          role="link"
        >
          <div>
            <HospitalStayPeriod
              encounter={
                Object {
                  "id": "580ca927-34e0-e911-a2c7-005056926fe4|hospitalstay",
                  "metadata": Object {
                    "dataSources": Array [
                      Object {
                        "display": "Mock",
                      },
                    ],
                    "isRedacted": true,
                    "requestedWhen": "",
                  },
                  "period": Object {
                    "end": Object {
                      "kind": "DATE",
                      "value": "2014-02-02T00:00:00+00:00",
                    },
                    "start": Object {
                      "kind": "DATE",
                      "value": "2013-01-01T00:00:00+00:00",
                    },
                  },
                  "serviceProvider": Object {
                    "display": "Chapel Allerton Hospital",
                    "typeName": "Hospital",
                  },
                }
              }
            >
              <div
                className="emotion-0"
              >
                01-Jan-2013 to 02-Feb-2014
              </div>
            </HospitalStayPeriod>
          </div>
          <div>
            <HospitalStayServiceProvider
              encounter={
                Object {
                  "id": "580ca927-34e0-e911-a2c7-005056926fe4|hospitalstay",
                  "metadata": Object {
                    "dataSources": Array [
                      Object {
                        "display": "Mock",
                      },
                    ],
                    "isRedacted": true,
                    "requestedWhen": "",
                  },
                  "period": Object {
                    "end": Object {
                      "kind": "DATE",
                      "value": "2014-02-02T00:00:00+00:00",
                    },
                    "start": Object {
                      "kind": "DATE",
                      "value": "2013-01-01T00:00:00+00:00",
                    },
                  },
                  "serviceProvider": Object {
                    "display": "Chapel Allerton Hospital",
                    "typeName": "Hospital",
                  },
                }
              }
            >
              <div
                className="emotion-1"
              >
                Chapel Allerton Hospital
              </div>
            </HospitalStayServiceProvider>
          </div>
        </div>
      </HospitalStaySummaryItem>
    </li>
  </ListItem>
  <ListItem
    key="690ca927-68e0-c511-b2c7-898056926ze4|hospitalstay"
  >
    <li>
      <HospitalStaySummaryItem
        hospitalStay={
          Object {
            "id": "690ca927-68e0-c511-b2c7-898056926ze4|hospitalstay",
            "metadata": Object {
              "dataSources": Array [
                Object {
                  "display": "Mock",
                },
              ],
              "isRedacted": true,
              "requestedWhen": "",
            },
            "period": Object {
              "start": Object {
                "kind": "DATE",
                "value": "2020-01-01T00:00:00+00:00",
              },
            },
            "serviceProvider": Object {
              "display": "Beaumont Hospital",
              "typeName": "Hospital",
            },
          }
        }
      >
        <div
          className="emotion-2"
          role="link"
        >
          <div>
            <HospitalStayPeriod
              encounter={
                Object {
                  "id": "690ca927-68e0-c511-b2c7-898056926ze4|hospitalstay",
                  "metadata": Object {
                    "dataSources": Array [
                      Object {
                        "display": "Mock",
                      },
                    ],
                    "isRedacted": true,
                    "requestedWhen": "",
                  },
                  "period": Object {
                    "start": Object {
                      "kind": "DATE",
                      "value": "2020-01-01T00:00:00+00:00",
                    },
                  },
                  "serviceProvider": Object {
                    "display": "Beaumont Hospital",
                    "typeName": "Hospital",
                  },
                }
              }
            >
              <div
                className="emotion-0"
              >
                01-Jan-2020 to Present
              </div>
            </HospitalStayPeriod>
          </div>
          <div>
            <HospitalStayServiceProvider
              encounter={
                Object {
                  "id": "690ca927-68e0-c511-b2c7-898056926ze4|hospitalstay",
                  "metadata": Object {
                    "dataSources": Array [
                      Object {
                        "display": "Mock",
                      },
                    ],
                    "isRedacted": true,
                    "requestedWhen": "",
                  },
                  "period": Object {
                    "start": Object {
                      "kind": "DATE",
                      "value": "2020-01-01T00:00:00+00:00",
                    },
                  },
                  "serviceProvider": Object {
                    "display": "Beaumont Hospital",
                    "typeName": "Hospital",
                  },
                }
              }
            >
              <div
                className="emotion-1"
              >
                Beaumont Hospital
              </div>
            </HospitalStayServiceProvider>
          </div>
        </div>
      </HospitalStaySummaryItem>
    </li>
  </ListItem>
</HospitalStaySummary>
`;
