// Jest Snapshot v1, https://goo.gl/fbAQLP

exports[`FlagSummary matches snapshot: wrapper mount 1`] = `
.emotion-14 {
  color: #231f20;
  font-family: 'SF Pro Text','SF Pro Icons','Helvetica Neue',Helvetica,Arial,sans-serif;
  font-size: 0.8rem;
  background: #fff;
  color: #000;
  margin-bottom: 0.5rem;
  border-radius: 5px;
  box-shadow: 3px 3px 3px #666;
  -webkit-box-shadow: 3px 3px 3px #666;
  margin: 0 5px 10px 0;
  -webkit-font-smoothing: antialiased;
}

.emotion-14 *,
.emotion-14 ::before,
.emotion-14 ::after {
  box-sizing: border-box;
  padding: 0;
  margin: 0;
}

.emotion-14 * {
  margin: 0;
  padding: 0;
}

.emotion-14 h3 {
  font-size: 1rem;
}

@media only screen and (min-width:768px) {
  .emotion-14 {
    font-size: 0.9rem;
  }

  .emotion-14 h3 {
    font-size: 1.1rem;
  }
}

@media only screen and (min-width:1024px) {
  .emotion-14 {
    font-size: 1rem;
  }

  .emotion-14 h3 {
    font-size: 1.2rem;
  }
}

@media only screen and (min-width:1200px) {
  .emotion-14 {
    font-size: 1.1rem;
  }

  .emotion-14 h3 {
    font-size: 1.3rem;
  }
}

.emotion-0 {
  padding: 0.5rem;
}

.emotion-13 {
  list-style: none;
  padding-left: 0.5rem;
}

.emotion-13 li {
  border-top: 1px solid #b0b0b0;
  padding: 0.5rem 0.5rem 0.5rem 0;
}

.emotion-13 li:hover {
  cursor: pointer;
  background: #E8EDEE;
}

.emotion-6 {
  display: -webkit-box;
  display: -webkit-flex;
  display: -ms-flexbox;
  display: flex;
  -webkit-box-pack: center;
  -webkit-justify-content: center;
  -ms-flex-pack: center;
  justify-content: center;
}

.emotion-3 {
  -webkit-box-flex: 1;
  -webkit-flex-grow: 1;
  -ms-flex-positive: 1;
  flex-grow: 1;
}

.emotion-1 {
  color: #231f20;
  text-align: left;
}

.emotion-2 {
  color: #768692;
  text-align: left;
}

.emotion-4 {
  color: #231f20;
  text-align: right;
}

.emotion-5 {
  color: #768692;
  text-align: right;
}

<FlagSummary
  clickHandler={[Function]}
  flags={
    Array [
      Object {
        "author": Object {
          "display": "John Smith",
          "identifier": undefined,
          "reference": "https://phoenixqa.careworks.ie/Services/api/fhir/v3/practitioner/9c1ad2c0-ec34-e911-a2c5-005056926fe4|systemuser",
          "type": "Practitioner",
        },
        "code": Object {
          "coding": Array [
            Object {
              "code": "109006",
              "display": "Lives in Known High Risk Area",
            },
          ],
        },
        "id": "580ca927-34e0-e911-a2c7-005056926fe4|personalertandhazard",
        "metadata": Object {
          "dataSources": Array [
            Object {
              "display": "Mock",
            },
          ],
        },
        "period": Object {
          "start": Object {
            "kind": "YEAR",
            "value": "2013-01-01T00:00:00+00:00",
          },
        },
        "status": "INACTIVE",
      },
      Object {
        "author": Object {
          "display": "John Smith",
          "identifier": undefined,
          "reference": "https://phoenixqa.careworks.ie/Services/api/fhir/v3/practitioner/9c1ad2c0-ec34-e911-a2c5-005056926fe4|systemuser",
          "type": "Practitioner",
        },
        "category": Object {
          "coding": Array [
            Object {
              "code": "66706",
              "display": "Violence",
            },
          ],
        },
        "code": Object {
          "coding": Array [
            Object {
              "code": "56706",
              "display": "High Risk of Violence",
            },
          ],
        },
        "id": "580ca927-34e0-e911-a2c7-005056926fe4|personalertandhazard",
        "metadata": Object {
          "dataSources": Array [
            Object {
              "display": "Mock",
            },
          ],
        },
        "period": Object {
          "end": Object {
            "kind": "DATE",
            "value": "2014-02-02T00:00:00+00:00",
          },
          "start": Object {
            "kind": "DATE",
            "value": "2013-01-01T00:00:00+00:00",
          },
        },
        "status": "INACTIVE",
      },
    ]
  }
  title="Alerts"
>
  <Widget>
    <div
      className="emotion-14"
    >
      <WidgetHeader>
        <div
          className="emotion-0"
        >
          <h3>
            Alerts
          </h3>
        </div>
      </WidgetHeader>
      <WidgetList
        clickable={true}
      >
        <ul
          className="emotion-13"
        >
          <WidgetListItem
            key="0"
          >
            <li>
              <FlagSummaryItem
                clickHandler={[Function]}
                flag={
                  Object {
                    "author": Object {
                      "display": "John Smith",
                      "identifier": undefined,
                      "reference": "https://phoenixqa.careworks.ie/Services/api/fhir/v3/practitioner/9c1ad2c0-ec34-e911-a2c5-005056926fe4|systemuser",
                      "type": "Practitioner",
                    },
                    "code": Object {
                      "coding": Array [
                        Object {
                          "code": "109006",
                          "display": "Lives in Known High Risk Area",
                        },
                      ],
                    },
                    "id": "580ca927-34e0-e911-a2c7-005056926fe4|personalertandhazard",
                    "metadata": Object {
                      "dataSources": Array [
                        Object {
                          "display": "Mock",
                        },
                      ],
                    },
                    "period": Object {
                      "start": Object {
                        "kind": "YEAR",
                        "value": "2013-01-01T00:00:00+00:00",
                      },
                    },
                    "status": "INACTIVE",
                  }
                }
                key="0"
              >
                <div
                  className="emotion-6"
                  onClick={[Function]}
                >
                  <div
                    className="emotion-3"
                  >
                    <FlagTitle
                      flag={
                        Object {
                          "author": Object {
                            "display": "John Smith",
                            "identifier": undefined,
                            "reference": "https://phoenixqa.careworks.ie/Services/api/fhir/v3/practitioner/9c1ad2c0-ec34-e911-a2c5-005056926fe4|systemuser",
                            "type": "Practitioner",
                          },
                          "code": Object {
                            "coding": Array [
                              Object {
                                "code": "109006",
                                "display": "Lives in Known High Risk Area",
                              },
                            ],
                          },
                          "id": "580ca927-34e0-e911-a2c7-005056926fe4|personalertandhazard",
                          "metadata": Object {
                            "dataSources": Array [
                              Object {
                                "display": "Mock",
                              },
                            ],
                          },
                          "period": Object {
                            "start": Object {
                              "kind": "YEAR",
                              "value": "2013-01-01T00:00:00+00:00",
                            },
                          },
                          "status": "INACTIVE",
                        }
                      }
                    >
                      <div
                        className="emotion-1"
                      >
                        Lives in Known High Risk Area
                      </div>
                    </FlagTitle>
                    <FlagDescription
                      flag={
                        Object {
                          "author": Object {
                            "display": "John Smith",
                            "identifier": undefined,
                            "reference": "https://phoenixqa.careworks.ie/Services/api/fhir/v3/practitioner/9c1ad2c0-ec34-e911-a2c5-005056926fe4|systemuser",
                            "type": "Practitioner",
                          },
                          "code": Object {
                            "coding": Array [
                              Object {
                                "code": "109006",
                                "display": "Lives in Known High Risk Area",
                              },
                            ],
                          },
                          "id": "580ca927-34e0-e911-a2c7-005056926fe4|personalertandhazard",
                          "metadata": Object {
                            "dataSources": Array [
                              Object {
                                "display": "Mock",
                              },
                            ],
                          },
                          "period": Object {
                            "start": Object {
                              "kind": "YEAR",
                              "value": "2013-01-01T00:00:00+00:00",
                            },
                          },
                          "status": "INACTIVE",
                        }
                      }
                    >
                      <div
                        className="emotion-2"
                      >
                        109006
                         
                      </div>
                    </FlagDescription>
                  </div>
                  <div>
                    <FlagDate
                      flag={
                        Object {
                          "author": Object {
                            "display": "John Smith",
                            "identifier": undefined,
                            "reference": "https://phoenixqa.careworks.ie/Services/api/fhir/v3/practitioner/9c1ad2c0-ec34-e911-a2c5-005056926fe4|systemuser",
                            "type": "Practitioner",
                          },
                          "code": Object {
                            "coding": Array [
                              Object {
                                "code": "109006",
                                "display": "Lives in Known High Risk Area",
                              },
                            ],
                          },
                          "id": "580ca927-34e0-e911-a2c7-005056926fe4|personalertandhazard",
                          "metadata": Object {
                            "dataSources": Array [
                              Object {
                                "display": "Mock",
                              },
                            ],
                          },
                          "period": Object {
                            "start": Object {
                              "kind": "YEAR",
                              "value": "2013-01-01T00:00:00+00:00",
                            },
                          },
                          "status": "INACTIVE",
                        }
                      }
                    >
                      <div
                        className="emotion-4"
                      >
                        2013 to Present
                      </div>
                    </FlagDate>
                    <FlagStatus
                      flag={
                        Object {
                          "author": Object {
                            "display": "John Smith",
                            "identifier": undefined,
                            "reference": "https://phoenixqa.careworks.ie/Services/api/fhir/v3/practitioner/9c1ad2c0-ec34-e911-a2c5-005056926fe4|systemuser",
                            "type": "Practitioner",
                          },
                          "code": Object {
                            "coding": Array [
                              Object {
                                "code": "109006",
                                "display": "Lives in Known High Risk Area",
                              },
                            ],
                          },
                          "id": "580ca927-34e0-e911-a2c7-005056926fe4|personalertandhazard",
                          "metadata": Object {
                            "dataSources": Array [
                              Object {
                                "display": "Mock",
                              },
                            ],
                          },
                          "period": Object {
                            "start": Object {
                              "kind": "YEAR",
                              "value": "2013-01-01T00:00:00+00:00",
                            },
                          },
                          "status": "INACTIVE",
                        }
                      }
                    >
                      <div
                        className="emotion-5"
                      >
                        INACTIVE
                      </div>
                    </FlagStatus>
                  </div>
                </div>
              </FlagSummaryItem>
            </li>
          </WidgetListItem>
          <WidgetListItem
            key="1"
          >
            <li>
              <FlagSummaryItem
                clickHandler={[Function]}
                flag={
                  Object {
                    "author": Object {
                      "display": "John Smith",
                      "identifier": undefined,
                      "reference": "https://phoenixqa.careworks.ie/Services/api/fhir/v3/practitioner/9c1ad2c0-ec34-e911-a2c5-005056926fe4|systemuser",
                      "type": "Practitioner",
                    },
                    "category": Object {
                      "coding": Array [
                        Object {
                          "code": "66706",
                          "display": "Violence",
                        },
                      ],
                    },
                    "code": Object {
                      "coding": Array [
                        Object {
                          "code": "56706",
                          "display": "High Risk of Violence",
                        },
                      ],
                    },
                    "id": "580ca927-34e0-e911-a2c7-005056926fe4|personalertandhazard",
                    "metadata": Object {
                      "dataSources": Array [
                        Object {
                          "display": "Mock",
                        },
                      ],
                    },
                    "period": Object {
                      "end": Object {
                        "kind": "DATE",
                        "value": "2014-02-02T00:00:00+00:00",
                      },
                      "start": Object {
                        "kind": "DATE",
                        "value": "2013-01-01T00:00:00+00:00",
                      },
                    },
                    "status": "INACTIVE",
                  }
                }
                key="1"
              >
                <div
                  className="emotion-6"
                  onClick={[Function]}
                >
                  <div
                    className="emotion-3"
                  >
                    <FlagTitle
                      flag={
                        Object {
                          "author": Object {
                            "display": "John Smith",
                            "identifier": undefined,
                            "reference": "https://phoenixqa.careworks.ie/Services/api/fhir/v3/practitioner/9c1ad2c0-ec34-e911-a2c5-005056926fe4|systemuser",
                            "type": "Practitioner",
                          },
                          "category": Object {
                            "coding": Array [
                              Object {
                                "code": "66706",
                                "display": "Violence",
                              },
                            ],
                          },
                          "code": Object {
                            "coding": Array [
                              Object {
                                "code": "56706",
                                "display": "High Risk of Violence",
                              },
                            ],
                          },
                          "id": "580ca927-34e0-e911-a2c7-005056926fe4|personalertandhazard",
                          "metadata": Object {
                            "dataSources": Array [
                              Object {
                                "display": "Mock",
                              },
                            ],
                          },
                          "period": Object {
                            "end": Object {
                              "kind": "DATE",
                              "value": "2014-02-02T00:00:00+00:00",
                            },
                            "start": Object {
                              "kind": "DATE",
                              "value": "2013-01-01T00:00:00+00:00",
                            },
                          },
                          "status": "INACTIVE",
                        }
                      }
                    >
                      <div
                        className="emotion-1"
                      >
                        High Risk of Violence
                      </div>
                    </FlagTitle>
                    <FlagDescription
                      flag={
                        Object {
                          "author": Object {
                            "display": "John Smith",
                            "identifier": undefined,
                            "reference": "https://phoenixqa.careworks.ie/Services/api/fhir/v3/practitioner/9c1ad2c0-ec34-e911-a2c5-005056926fe4|systemuser",
                            "type": "Practitioner",
                          },
                          "category": Object {
                            "coding": Array [
                              Object {
                                "code": "66706",
                                "display": "Violence",
                              },
                            ],
                          },
                          "code": Object {
                            "coding": Array [
                              Object {
                                "code": "56706",
                                "display": "High Risk of Violence",
                              },
                            ],
                          },
                          "id": "580ca927-34e0-e911-a2c7-005056926fe4|personalertandhazard",
                          "metadata": Object {
                            "dataSources": Array [
                              Object {
                                "display": "Mock",
                              },
                            ],
                          },
                          "period": Object {
                            "end": Object {
                              "kind": "DATE",
                              "value": "2014-02-02T00:00:00+00:00",
                            },
                            "start": Object {
                              "kind": "DATE",
                              "value": "2013-01-01T00:00:00+00:00",
                            },
                          },
                          "status": "INACTIVE",
                        }
                      }
                    >
                      <div
                        className="emotion-2"
                      >
                        56706
                         
                        - Violence
                      </div>
                    </FlagDescription>
                  </div>
                  <div>
                    <FlagDate
                      flag={
                        Object {
                          "author": Object {
                            "display": "John Smith",
                            "identifier": undefined,
                            "reference": "https://phoenixqa.careworks.ie/Services/api/fhir/v3/practitioner/9c1ad2c0-ec34-e911-a2c5-005056926fe4|systemuser",
                            "type": "Practitioner",
                          },
                          "category": Object {
                            "coding": Array [
                              Object {
                                "code": "66706",
                                "display": "Violence",
                              },
                            ],
                          },
                          "code": Object {
                            "coding": Array [
                              Object {
                                "code": "56706",
                                "display": "High Risk of Violence",
                              },
                            ],
                          },
                          "id": "580ca927-34e0-e911-a2c7-005056926fe4|personalertandhazard",
                          "metadata": Object {
                            "dataSources": Array [
                              Object {
                                "display": "Mock",
                              },
                            ],
                          },
                          "period": Object {
                            "end": Object {
                              "kind": "DATE",
                              "value": "2014-02-02T00:00:00+00:00",
                            },
                            "start": Object {
                              "kind": "DATE",
                              "value": "2013-01-01T00:00:00+00:00",
                            },
                          },
                          "status": "INACTIVE",
                        }
                      }
                    >
                      <div
                        className="emotion-4"
                      >
                        01-Jan-2013 to 02-Feb-2014
                      </div>
                    </FlagDate>
                    <FlagStatus
                      flag={
                        Object {
                          "author": Object {
                            "display": "John Smith",
                            "identifier": undefined,
                            "reference": "https://phoenixqa.careworks.ie/Services/api/fhir/v3/practitioner/9c1ad2c0-ec34-e911-a2c5-005056926fe4|systemuser",
                            "type": "Practitioner",
                          },
                          "category": Object {
                            "coding": Array [
                              Object {
                                "code": "66706",
                                "display": "Violence",
                              },
                            ],
                          },
                          "code": Object {
                            "coding": Array [
                              Object {
                                "code": "56706",
                                "display": "High Risk of Violence",
                              },
                            ],
                          },
                          "id": "580ca927-34e0-e911-a2c7-005056926fe4|personalertandhazard",
                          "metadata": Object {
                            "dataSources": Array [
                              Object {
                                "display": "Mock",
                              },
                            ],
                          },
                          "period": Object {
                            "end": Object {
                              "kind": "DATE",
                              "value": "2014-02-02T00:00:00+00:00",
                            },
                            "start": Object {
                              "kind": "DATE",
                              "value": "2013-01-01T00:00:00+00:00",
                            },
                          },
                          "status": "INACTIVE",
                        }
                      }
                    >
                      <div
                        className="emotion-5"
                      >
                        INACTIVE
                      </div>
                    </FlagStatus>
                  </div>
                </div>
              </FlagSummaryItem>
            </li>
          </WidgetListItem>
        </ul>
      </WidgetList>
    </div>
  </Widget>
</FlagSummary>
`;
