// Jest Snapshot v1, https://goo.gl/fbAQLP

exports[`button basics matches snapshot 1`] = `
.emotion-0 {
  font-family: Arial,sans-serif;
  font-size: 1.5em;
  text-align: center;
  color: palevioletred;
}

<Styled(h1)>
  <h1
    className="emotion-0"
  >
    Example
  </h1>
</Styled(h1)>
`;
