// Jest Snapshot v1, https://goo.gl/fbAQLP

exports[`AppointmentSummary matches snapshot: wrapper mount 1`] = `
.emotion-14 {
  color: #231f20;
  font-family: 'SF Pro Text','SF Pro Icons','Helvetica Neue',Helvetica,Arial,sans-serif;
  font-size: 0.8rem;
  background: #FFFFFF;
  color: #231f20;
  margin-bottom: 0.5rem;
  border-radius: 4px;
  box-shadow: 0px 2px 1px -1px rgba(102,102,102,0.1), 0px 1px 1px 0px rgba(102,102,102,0.15), 0px 1px 3px 0px rgba(102,102,102,.6);
  margin: 0 5px 10px 0;
  -webkit-font-smoothing: antialiased;
}

.emotion-14 *,
.emotion-14 ::before,
.emotion-14 ::after {
  box-sizing: border-box;
  padding: 0;
  margin: 0;
}

.emotion-14 * {
  margin: 0;
  padding: 0;
}

.emotion-14 h3 {
  font-size: 1rem;
}

@media only screen and (min-width:768px) {
  .emotion-14 {
    font-size: 0.9rem;
  }

  .emotion-14 h3 {
    font-size: 1.1rem;
  }
}

@media only screen and (min-width:1024px) {
  .emotion-14 {
    font-size: 1rem;
  }

  .emotion-14 h3 {
    font-size: 1.2rem;
  }
}

@media only screen and (min-width:1200px) {
  .emotion-14 {
    font-size: 1.1rem;
  }

  .emotion-14 h3 {
    font-size: 1.3rem;
  }
}

.emotion-0 {
  padding: 0.5rem;
}

.emotion-13 {
  list-style: none;
  padding-left: 0.5rem;
}

.emotion-13 li {
  border-top: 1px solid #b0b0b0;
  padding: 0.5rem 0.5rem 0.5rem 0;
}

.emotion-6 {
  display: -webkit-box;
  display: -webkit-flex;
  display: -ms-flexbox;
  display: flex;
  -webkit-box-pack: center;
  -webkit-justify-content: center;
  -ms-flex-pack: center;
  justify-content: center;
}

.emotion-1 {
  color: #231f20;
  text-align: left;
}

.emotion-3 {
  -webkit-box-flex: 1;
  -webkit-flex-grow: 1;
  -ms-flex-positive: 1;
  flex-grow: 1;
}

.emotion-2 {
  color: #231f20;
  text-align: left;
  margin-left: 0.5em;
}

.emotion-4 {
  color: #768692;
  text-align: right;
}

.emotion-5 {
  color: #768692;
  text-align: right;
}

<AppointmentSummary
  encounters={
    Array [
      Object {
        "id": "346ca927-67e0-e931-a2c7-115087226fg2|appointment",
        "metadata": Object {
          "dataSources": Array [
            Object {
              "display": "Mock",
            },
          ],
        },
        "period": Object {
          "start": Object {
            "kind": "DATE",
            "value": "2020-04-01T00:00:00+00:00",
          },
        },
        "serviceProvider": Object {
          "display": "Beeston Village Surgery",
          "typeName": "GP",
        },
        "status": "PLANNED",
        "text": Object {
          "div": "test",
          "text": "See GP regarding sore throat",
        },
        "type": Array [
          Object {
            "coding": Array [
              Object {
                "code": "64706",
                "display": "GP",
              },
            ],
            "text": "See GP regarding sore throat",
          },
        ],
      },
      Object {
        "id": "941ca927-34e0-e911-a2c7-005087226fe4|appointment",
        "metadata": Object {
          "dataSources": Array [
            Object {
              "display": "Mock",
            },
          ],
        },
        "period": Object {
          "start": Object {
            "kind": "DATE",
            "value": "2019-12-12T00:00:00+00:00",
          },
        },
        "serviceProvider": Object {
          "display": "Chapel Allerton Hospital",
          "typeName": "Hospital",
        },
        "status": "FINISHED",
        "text": Object {
          "div": "test",
          "text": "Chest x-ray for recent car accident",
        },
        "type": Array [
          Object {
            "coding": Array [
              Object {
                "code": "26706",
                "display": "Hospital",
              },
            ],
            "text": "Chest x-ray for recent car accident",
          },
        ],
      },
    ]
  }
  title="Appointments"
>
  <Widget>
    <div
      className="emotion-14"
    >
      <WidgetHeader>
        <div
          className="emotion-0"
        >
          <h3>
            Appointments
          </h3>
        </div>
      </WidgetHeader>
      <WidgetList
        clickable={false}
      >
        <ul
          className="emotion-13"
        >
          <WidgetListItem
            key="346ca927-67e0-e931-a2c7-115087226fg2|appointment"
          >
            <li>
              <AppointmentSummaryItem
                encounter={
                  Object {
                    "id": "346ca927-67e0-e931-a2c7-115087226fg2|appointment",
                    "metadata": Object {
                      "dataSources": Array [
                        Object {
                          "display": "Mock",
                        },
                      ],
                    },
                    "period": Object {
                      "start": Object {
                        "kind": "DATE",
                        "value": "2020-04-01T00:00:00+00:00",
                      },
                    },
                    "serviceProvider": Object {
                      "display": "Beeston Village Surgery",
                      "typeName": "GP",
                    },
                    "status": "PLANNED",
                    "text": Object {
                      "div": "test",
                      "text": "See GP regarding sore throat",
                    },
                    "type": Array [
                      Object {
                        "coding": Array [
                          Object {
                            "code": "64706",
                            "display": "GP",
                          },
                        ],
                        "text": "See GP regarding sore throat",
                      },
                    ],
                  }
                }
              >
                <div
                  className="emotion-6"
                  role="link"
                >
                  <div>
                    <AppointmentDate
                      encounter={
                        Object {
                          "id": "346ca927-67e0-e931-a2c7-115087226fg2|appointment",
                          "metadata": Object {
                            "dataSources": Array [
                              Object {
                                "display": "Mock",
                              },
                            ],
                          },
                          "period": Object {
                            "start": Object {
                              "kind": "DATE",
                              "value": "2020-04-01T00:00:00+00:00",
                            },
                          },
                          "serviceProvider": Object {
                            "display": "Beeston Village Surgery",
                            "typeName": "GP",
                          },
                          "status": "PLANNED",
                          "text": Object {
                            "div": "test",
                            "text": "See GP regarding sore throat",
                          },
                          "type": Array [
                            Object {
                              "coding": Array [
                                Object {
                                  "code": "64706",
                                  "display": "GP",
                                },
                              ],
                              "text": "See GP regarding sore throat",
                            },
                          ],
                        }
                      }
                    >
                      <div
                        className="emotion-1"
                      >
                        01-Apr-2020
                      </div>
                    </AppointmentDate>
                  </div>
                  <div
                    className="emotion-3"
                  >
                    <AppointmentDescription
                      encounter={
                        Object {
                          "id": "346ca927-67e0-e931-a2c7-115087226fg2|appointment",
                          "metadata": Object {
                            "dataSources": Array [
                              Object {
                                "display": "Mock",
                              },
                            ],
                          },
                          "period": Object {
                            "start": Object {
                              "kind": "DATE",
                              "value": "2020-04-01T00:00:00+00:00",
                            },
                          },
                          "serviceProvider": Object {
                            "display": "Beeston Village Surgery",
                            "typeName": "GP",
                          },
                          "status": "PLANNED",
                          "text": Object {
                            "div": "test",
                            "text": "See GP regarding sore throat",
                          },
                          "type": Array [
                            Object {
                              "coding": Array [
                                Object {
                                  "code": "64706",
                                  "display": "GP",
                                },
                              ],
                              "text": "See GP regarding sore throat",
                            },
                          ],
                        }
                      }
                    >
                      <div
                        className="emotion-2"
                      >
                        See GP regarding sore throat
                      </div>
                    </AppointmentDescription>
                  </div>
                  <div>
                    <AppointmentServiceProvider
                      encounter={
                        Object {
                          "id": "346ca927-67e0-e931-a2c7-115087226fg2|appointment",
                          "metadata": Object {
                            "dataSources": Array [
                              Object {
                                "display": "Mock",
                              },
                            ],
                          },
                          "period": Object {
                            "start": Object {
                              "kind": "DATE",
                              "value": "2020-04-01T00:00:00+00:00",
                            },
                          },
                          "serviceProvider": Object {
                            "display": "Beeston Village Surgery",
                            "typeName": "GP",
                          },
                          "status": "PLANNED",
                          "text": Object {
                            "div": "test",
                            "text": "See GP regarding sore throat",
                          },
                          "type": Array [
                            Object {
                              "coding": Array [
                                Object {
                                  "code": "64706",
                                  "display": "GP",
                                },
                              ],
                              "text": "See GP regarding sore throat",
                            },
                          ],
                        }
                      }
                    >
                      <div
                        className="emotion-4"
                      >
                        Beeston Village Surgery
                      </div>
                    </AppointmentServiceProvider>
                    <AppointmentStatus
                      encounter={
                        Object {
                          "id": "346ca927-67e0-e931-a2c7-115087226fg2|appointment",
                          "metadata": Object {
                            "dataSources": Array [
                              Object {
                                "display": "Mock",
                              },
                            ],
                          },
                          "period": Object {
                            "start": Object {
                              "kind": "DATE",
                              "value": "2020-04-01T00:00:00+00:00",
                            },
                          },
                          "serviceProvider": Object {
                            "display": "Beeston Village Surgery",
                            "typeName": "GP",
                          },
                          "status": "PLANNED",
                          "text": Object {
                            "div": "test",
                            "text": "See GP regarding sore throat",
                          },
                          "type": Array [
                            Object {
                              "coding": Array [
                                Object {
                                  "code": "64706",
                                  "display": "GP",
                                },
                              ],
                              "text": "See GP regarding sore throat",
                            },
                          ],
                        }
                      }
                    >
                      <div
                        className="emotion-5"
                      >
                        Planned
                      </div>
                    </AppointmentStatus>
                  </div>
                </div>
              </AppointmentSummaryItem>
            </li>
          </WidgetListItem>
          <WidgetListItem
            key="941ca927-34e0-e911-a2c7-005087226fe4|appointment"
          >
            <li>
              <AppointmentSummaryItem
                encounter={
                  Object {
                    "id": "941ca927-34e0-e911-a2c7-005087226fe4|appointment",
                    "metadata": Object {
                      "dataSources": Array [
                        Object {
                          "display": "Mock",
                        },
                      ],
                    },
                    "period": Object {
                      "start": Object {
                        "kind": "DATE",
                        "value": "2019-12-12T00:00:00+00:00",
                      },
                    },
                    "serviceProvider": Object {
                      "display": "Chapel Allerton Hospital",
                      "typeName": "Hospital",
                    },
                    "status": "FINISHED",
                    "text": Object {
                      "div": "test",
                      "text": "Chest x-ray for recent car accident",
                    },
                    "type": Array [
                      Object {
                        "coding": Array [
                          Object {
                            "code": "26706",
                            "display": "Hospital",
                          },
                        ],
                        "text": "Chest x-ray for recent car accident",
                      },
                    ],
                  }
                }
              >
                <div
                  className="emotion-6"
                  role="link"
                >
                  <div>
                    <AppointmentDate
                      encounter={
                        Object {
                          "id": "941ca927-34e0-e911-a2c7-005087226fe4|appointment",
                          "metadata": Object {
                            "dataSources": Array [
                              Object {
                                "display": "Mock",
                              },
                            ],
                          },
                          "period": Object {
                            "start": Object {
                              "kind": "DATE",
                              "value": "2019-12-12T00:00:00+00:00",
                            },
                          },
                          "serviceProvider": Object {
                            "display": "Chapel Allerton Hospital",
                            "typeName": "Hospital",
                          },
                          "status": "FINISHED",
                          "text": Object {
                            "div": "test",
                            "text": "Chest x-ray for recent car accident",
                          },
                          "type": Array [
                            Object {
                              "coding": Array [
                                Object {
                                  "code": "26706",
                                  "display": "Hospital",
                                },
                              ],
                              "text": "Chest x-ray for recent car accident",
                            },
                          ],
                        }
                      }
                    >
                      <div
                        className="emotion-1"
                      >
                        12-Dec-2019
                      </div>
                    </AppointmentDate>
                  </div>
                  <div
                    className="emotion-3"
                  >
                    <AppointmentDescription
                      encounter={
                        Object {
                          "id": "941ca927-34e0-e911-a2c7-005087226fe4|appointment",
                          "metadata": Object {
                            "dataSources": Array [
                              Object {
                                "display": "Mock",
                              },
                            ],
                          },
                          "period": Object {
                            "start": Object {
                              "kind": "DATE",
                              "value": "2019-12-12T00:00:00+00:00",
                            },
                          },
                          "serviceProvider": Object {
                            "display": "Chapel Allerton Hospital",
                            "typeName": "Hospital",
                          },
                          "status": "FINISHED",
                          "text": Object {
                            "div": "test",
                            "text": "Chest x-ray for recent car accident",
                          },
                          "type": Array [
                            Object {
                              "coding": Array [
                                Object {
                                  "code": "26706",
                                  "display": "Hospital",
                                },
                              ],
                              "text": "Chest x-ray for recent car accident",
                            },
                          ],
                        }
                      }
                    >
                      <div
                        className="emotion-2"
                      >
                        Chest x-ray for recent car accident
                      </div>
                    </AppointmentDescription>
                  </div>
                  <div>
                    <AppointmentServiceProvider
                      encounter={
                        Object {
                          "id": "941ca927-34e0-e911-a2c7-005087226fe4|appointment",
                          "metadata": Object {
                            "dataSources": Array [
                              Object {
                                "display": "Mock",
                              },
                            ],
                          },
                          "period": Object {
                            "start": Object {
                              "kind": "DATE",
                              "value": "2019-12-12T00:00:00+00:00",
                            },
                          },
                          "serviceProvider": Object {
                            "display": "Chapel Allerton Hospital",
                            "typeName": "Hospital",
                          },
                          "status": "FINISHED",
                          "text": Object {
                            "div": "test",
                            "text": "Chest x-ray for recent car accident",
                          },
                          "type": Array [
                            Object {
                              "coding": Array [
                                Object {
                                  "code": "26706",
                                  "display": "Hospital",
                                },
                              ],
                              "text": "Chest x-ray for recent car accident",
                            },
                          ],
                        }
                      }
                    >
                      <div
                        className="emotion-4"
                      >
                        Chapel Allerton Hospital
                      </div>
                    </AppointmentServiceProvider>
                    <AppointmentStatus
                      encounter={
                        Object {
                          "id": "941ca927-34e0-e911-a2c7-005087226fe4|appointment",
                          "metadata": Object {
                            "dataSources": Array [
                              Object {
                                "display": "Mock",
                              },
                            ],
                          },
                          "period": Object {
                            "start": Object {
                              "kind": "DATE",
                              "value": "2019-12-12T00:00:00+00:00",
                            },
                          },
                          "serviceProvider": Object {
                            "display": "Chapel Allerton Hospital",
                            "typeName": "Hospital",
                          },
                          "status": "FINISHED",
                          "text": Object {
                            "div": "test",
                            "text": "Chest x-ray for recent car accident",
                          },
                          "type": Array [
                            Object {
                              "coding": Array [
                                Object {
                                  "code": "26706",
                                  "display": "Hospital",
                                },
                              ],
                              "text": "Chest x-ray for recent car accident",
                            },
                          ],
                        }
                      }
                    >
                      <div
                        className="emotion-5"
                      >
                        Finished
                      </div>
                    </AppointmentStatus>
                  </div>
                </div>
              </AppointmentSummaryItem>
            </li>
          </WidgetListItem>
        </ul>
      </WidgetList>
    </div>
  </Widget>
</AppointmentSummary>
`;
