// Jest Snapshot v1, https://goo.gl/fbAQLP

exports[`InvolvedTeamSummary matches snapshot: wrapper mount 1`] = `
.emotion-4 {
  display: -webkit-box;
  display: -webkit-flex;
  display: -ms-flexbox;
  display: flex;
  -webkit-box-pack: center;
  -webkit-justify-content: center;
  -ms-flex-pack: center;
  justify-content: center;
}

.emotion-4 > div {
  -webkit-box-flex: 1;
  -webkit-flex-grow: 1;
  -ms-flex-positive: 1;
  flex-grow: 1;
}

.emotion-0 {
  color: #231f20;
  text-align: left;
}

.emotion-1 {
  color: -v-a-l-u-e:#768692;
  -d-a-r-k-e-r25: #59656e;
  -l-i-g-h-t-e-r25: #98a4ad;
  text-align: left;
}

.emotion-2 {
  color: #231f20;
  text-align: right;
}

.emotion-3 {
  color: -v-a-l-u-e:#768692;
  -d-a-r-k-e-r25: #59656e;
  -l-i-g-h-t-e-r25: #98a4ad;
  text-align: right;
}

<InvolvedTeamSummary
  episodeOfCares={
    Array [
      Object {
        "careManager": Object {
          "display": "Bella Swann (0113 111111)",
          "typeName": "Care Manager",
        },
        "id": "580ca927-34e0-e911-a2c7-005056926fe4|involvedteam",
        "metadata": Object {
          "dataSources": Array [
            Object {
              "display": "Mock",
            },
          ],
          "isRedacted": true,
          "requestedWhen": "",
        },
        "period": Object {
          "end": Object {
            "kind": "DATE",
            "value": "2020-01-02T00:00:00+00:00",
          },
          "start": Object {
            "kind": "DATE",
            "value": "2018-12-01T00:00:00+00:00",
          },
        },
        "status": "FINISHED",
        "team": Array [
          Object {
            "display": "LYPFT Outbound Care Team",
            "typeName": "Test Team",
          },
        ],
        "type": Array [
          Object {
            "coding": Array [
              Object {
                "code": "109007",
                "display": "Community Care",
              },
            ],
          },
        ],
      },
      Object {
        "careManager": Object {
          "display": "Joe Bloggs (0113 000000)",
          "typeName": "Care Manager",
        },
        "id": "690ca927-68e0-c511-b2c7-898056926ze4|involvedteam",
        "metadata": Object {
          "dataSources": Array [
            Object {
              "display": "Mock",
            },
          ],
          "isRedacted": true,
          "requestedWhen": "",
        },
        "period": Object {
          "start": Object {
            "kind": "DATE",
            "value": "2019-12-01T00:00:00+00:00",
          },
        },
        "status": "ACTIVE",
        "team": Array [
          Object {
            "display": "LYPFT Inbound Care Team",
            "typeName": "Test Team",
          },
        ],
        "type": Array [
          Object {
            "coding": Array [
              Object {
                "code": "109016",
                "display": "Home Care",
              },
            ],
          },
        ],
      },
    ]
  }
>
  <ListItem
    key="580ca927-34e0-e911-a2c7-005056926fe4|involvedteam"
  >
    <li>
      <InvolvedTeamSummaryItem
        episodeOfCare={
          Object {
            "careManager": Object {
              "display": "Bella Swann (0113 111111)",
              "typeName": "Care Manager",
            },
            "id": "580ca927-34e0-e911-a2c7-005056926fe4|involvedteam",
            "metadata": Object {
              "dataSources": Array [
                Object {
                  "display": "Mock",
                },
              ],
              "isRedacted": true,
              "requestedWhen": "",
            },
            "period": Object {
              "end": Object {
                "kind": "DATE",
                "value": "2020-01-02T00:00:00+00:00",
              },
              "start": Object {
                "kind": "DATE",
                "value": "2018-12-01T00:00:00+00:00",
              },
            },
            "status": "FINISHED",
            "team": Array [
              Object {
                "display": "LYPFT Outbound Care Team",
                "typeName": "Test Team",
              },
            ],
            "type": Array [
              Object {
                "coding": Array [
                  Object {
                    "code": "109007",
                    "display": "Community Care",
                  },
                ],
              },
            ],
          }
        }
      >
        <div
          className="emotion-4"
          role="link"
        >
          <div>
            <InvolvedTeamTitle
              episodeOfCare={
                Object {
                  "careManager": Object {
                    "display": "Bella Swann (0113 111111)",
                    "typeName": "Care Manager",
                  },
                  "id": "580ca927-34e0-e911-a2c7-005056926fe4|involvedteam",
                  "metadata": Object {
                    "dataSources": Array [
                      Object {
                        "display": "Mock",
                      },
                    ],
                    "isRedacted": true,
                    "requestedWhen": "",
                  },
                  "period": Object {
                    "end": Object {
                      "kind": "DATE",
                      "value": "2020-01-02T00:00:00+00:00",
                    },
                    "start": Object {
                      "kind": "DATE",
                      "value": "2018-12-01T00:00:00+00:00",
                    },
                  },
                  "status": "FINISHED",
                  "team": Array [
                    Object {
                      "display": "LYPFT Outbound Care Team",
                      "typeName": "Test Team",
                    },
                  ],
                  "type": Array [
                    Object {
                      "coding": Array [
                        Object {
                          "code": "109007",
                          "display": "Community Care",
                        },
                      ],
                    },
                  ],
                }
              }
            >
              <div
                className="emotion-0"
              >
                LYPFT Outbound Care Team
              </div>
            </InvolvedTeamTitle>
            <InvolvedTeamDescription
              episodeOfCare={
                Object {
                  "careManager": Object {
                    "display": "Bella Swann (0113 111111)",
                    "typeName": "Care Manager",
                  },
                  "id": "580ca927-34e0-e911-a2c7-005056926fe4|involvedteam",
                  "metadata": Object {
                    "dataSources": Array [
                      Object {
                        "display": "Mock",
                      },
                    ],
                    "isRedacted": true,
                    "requestedWhen": "",
                  },
                  "period": Object {
                    "end": Object {
                      "kind": "DATE",
                      "value": "2020-01-02T00:00:00+00:00",
                    },
                    "start": Object {
                      "kind": "DATE",
                      "value": "2018-12-01T00:00:00+00:00",
                    },
                  },
                  "status": "FINISHED",
                  "team": Array [
                    Object {
                      "display": "LYPFT Outbound Care Team",
                      "typeName": "Test Team",
                    },
                  ],
                  "type": Array [
                    Object {
                      "coding": Array [
                        Object {
                          "code": "109007",
                          "display": "Community Care",
                        },
                      ],
                    },
                  ],
                }
              }
            >
              <div
                className="emotion-1"
              >
                Bella Swann (0113 111111)
              </div>
            </InvolvedTeamDescription>
          </div>
          <div>
            <InvolvedTeamPeriod
              episodeOfCare={
                Object {
                  "careManager": Object {
                    "display": "Bella Swann (0113 111111)",
                    "typeName": "Care Manager",
                  },
                  "id": "580ca927-34e0-e911-a2c7-005056926fe4|involvedteam",
                  "metadata": Object {
                    "dataSources": Array [
                      Object {
                        "display": "Mock",
                      },
                    ],
                    "isRedacted": true,
                    "requestedWhen": "",
                  },
                  "period": Object {
                    "end": Object {
                      "kind": "DATE",
                      "value": "2020-01-02T00:00:00+00:00",
                    },
                    "start": Object {
                      "kind": "DATE",
                      "value": "2018-12-01T00:00:00+00:00",
                    },
                  },
                  "status": "FINISHED",
                  "team": Array [
                    Object {
                      "display": "LYPFT Outbound Care Team",
                      "typeName": "Test Team",
                    },
                  ],
                  "type": Array [
                    Object {
                      "coding": Array [
                        Object {
                          "code": "109007",
                          "display": "Community Care",
                        },
                      ],
                    },
                  ],
                }
              }
            >
              <div
                className="emotion-2"
              >
                01-Dec-2018 to 02-Jan-2020
              </div>
            </InvolvedTeamPeriod>
            <InvolvedTeamType
              episodeOfCare={
                Object {
                  "careManager": Object {
                    "display": "Bella Swann (0113 111111)",
                    "typeName": "Care Manager",
                  },
                  "id": "580ca927-34e0-e911-a2c7-005056926fe4|involvedteam",
                  "metadata": Object {
                    "dataSources": Array [
                      Object {
                        "display": "Mock",
                      },
                    ],
                    "isRedacted": true,
                    "requestedWhen": "",
                  },
                  "period": Object {
                    "end": Object {
                      "kind": "DATE",
                      "value": "2020-01-02T00:00:00+00:00",
                    },
                    "start": Object {
                      "kind": "DATE",
                      "value": "2018-12-01T00:00:00+00:00",
                    },
                  },
                  "status": "FINISHED",
                  "team": Array [
                    Object {
                      "display": "LYPFT Outbound Care Team",
                      "typeName": "Test Team",
                    },
                  ],
                  "type": Array [
                    Object {
                      "coding": Array [
                        Object {
                          "code": "109007",
                          "display": "Community Care",
                        },
                      ],
                    },
                  ],
                }
              }
            >
              <div
                className="emotion-3"
              >
                Finished
              </div>
            </InvolvedTeamType>
          </div>
        </div>
      </InvolvedTeamSummaryItem>
    </li>
  </ListItem>
  <ListItem
    key="690ca927-68e0-c511-b2c7-898056926ze4|involvedteam"
  >
    <li>
      <InvolvedTeamSummaryItem
        episodeOfCare={
          Object {
            "careManager": Object {
              "display": "Joe Bloggs (0113 000000)",
              "typeName": "Care Manager",
            },
            "id": "690ca927-68e0-c511-b2c7-898056926ze4|involvedteam",
            "metadata": Object {
              "dataSources": Array [
                Object {
                  "display": "Mock",
                },
              ],
              "isRedacted": true,
              "requestedWhen": "",
            },
            "period": Object {
              "start": Object {
                "kind": "DATE",
                "value": "2019-12-01T00:00:00+00:00",
              },
            },
            "status": "ACTIVE",
            "team": Array [
              Object {
                "display": "LYPFT Inbound Care Team",
                "typeName": "Test Team",
              },
            ],
            "type": Array [
              Object {
                "coding": Array [
                  Object {
                    "code": "109016",
                    "display": "Home Care",
                  },
                ],
              },
            ],
          }
        }
      >
        <div
          className="emotion-4"
          role="link"
        >
          <div>
            <InvolvedTeamTitle
              episodeOfCare={
                Object {
                  "careManager": Object {
                    "display": "Joe Bloggs (0113 000000)",
                    "typeName": "Care Manager",
                  },
                  "id": "690ca927-68e0-c511-b2c7-898056926ze4|involvedteam",
                  "metadata": Object {
                    "dataSources": Array [
                      Object {
                        "display": "Mock",
                      },
                    ],
                    "isRedacted": true,
                    "requestedWhen": "",
                  },
                  "period": Object {
                    "start": Object {
                      "kind": "DATE",
                      "value": "2019-12-01T00:00:00+00:00",
                    },
                  },
                  "status": "ACTIVE",
                  "team": Array [
                    Object {
                      "display": "LYPFT Inbound Care Team",
                      "typeName": "Test Team",
                    },
                  ],
                  "type": Array [
                    Object {
                      "coding": Array [
                        Object {
                          "code": "109016",
                          "display": "Home Care",
                        },
                      ],
                    },
                  ],
                }
              }
            >
              <div
                className="emotion-0"
              >
                LYPFT Inbound Care Team
              </div>
            </InvolvedTeamTitle>
            <InvolvedTeamDescription
              episodeOfCare={
                Object {
                  "careManager": Object {
                    "display": "Joe Bloggs (0113 000000)",
                    "typeName": "Care Manager",
                  },
                  "id": "690ca927-68e0-c511-b2c7-898056926ze4|involvedteam",
                  "metadata": Object {
                    "dataSources": Array [
                      Object {
                        "display": "Mock",
                      },
                    ],
                    "isRedacted": true,
                    "requestedWhen": "",
                  },
                  "period": Object {
                    "start": Object {
                      "kind": "DATE",
                      "value": "2019-12-01T00:00:00+00:00",
                    },
                  },
                  "status": "ACTIVE",
                  "team": Array [
                    Object {
                      "display": "LYPFT Inbound Care Team",
                      "typeName": "Test Team",
                    },
                  ],
                  "type": Array [
                    Object {
                      "coding": Array [
                        Object {
                          "code": "109016",
                          "display": "Home Care",
                        },
                      ],
                    },
                  ],
                }
              }
            >
              <div
                className="emotion-1"
              >
                Joe Bloggs (0113 000000)
              </div>
            </InvolvedTeamDescription>
          </div>
          <div>
            <InvolvedTeamPeriod
              episodeOfCare={
                Object {
                  "careManager": Object {
                    "display": "Joe Bloggs (0113 000000)",
                    "typeName": "Care Manager",
                  },
                  "id": "690ca927-68e0-c511-b2c7-898056926ze4|involvedteam",
                  "metadata": Object {
                    "dataSources": Array [
                      Object {
                        "display": "Mock",
                      },
                    ],
                    "isRedacted": true,
                    "requestedWhen": "",
                  },
                  "period": Object {
                    "start": Object {
                      "kind": "DATE",
                      "value": "2019-12-01T00:00:00+00:00",
                    },
                  },
                  "status": "ACTIVE",
                  "team": Array [
                    Object {
                      "display": "LYPFT Inbound Care Team",
                      "typeName": "Test Team",
                    },
                  ],
                  "type": Array [
                    Object {
                      "coding": Array [
                        Object {
                          "code": "109016",
                          "display": "Home Care",
                        },
                      ],
                    },
                  ],
                }
              }
            >
              <div
                className="emotion-2"
              >
                01-Dec-2019 to Present
              </div>
            </InvolvedTeamPeriod>
            <InvolvedTeamType
              episodeOfCare={
                Object {
                  "careManager": Object {
                    "display": "Joe Bloggs (0113 000000)",
                    "typeName": "Care Manager",
                  },
                  "id": "690ca927-68e0-c511-b2c7-898056926ze4|involvedteam",
                  "metadata": Object {
                    "dataSources": Array [
                      Object {
                        "display": "Mock",
                      },
                    ],
                    "isRedacted": true,
                    "requestedWhen": "",
                  },
                  "period": Object {
                    "start": Object {
                      "kind": "DATE",
                      "value": "2019-12-01T00:00:00+00:00",
                    },
                  },
                  "status": "ACTIVE",
                  "team": Array [
                    Object {
                      "display": "LYPFT Inbound Care Team",
                      "typeName": "Test Team",
                    },
                  ],
                  "type": Array [
                    Object {
                      "coding": Array [
                        Object {
                          "code": "109016",
                          "display": "Home Care",
                        },
                      ],
                    },
                  ],
                }
              }
            >
              <div
                className="emotion-3"
              >
                Active
              </div>
            </InvolvedTeamType>
          </div>
        </div>
      </InvolvedTeamSummaryItem>
    </li>
  </ListItem>
</InvolvedTeamSummary>
`;
