// Jest Snapshot v1, https://goo.gl/fbAQLP

exports[`AppointmentSummary matches snapshot: wrapper mount 1`] = `
.emotion-6 {
  display: -webkit-box;
  display: -webkit-flex;
  display: -ms-flexbox;
  display: flex;
  -webkit-box-pack: center;
  -webkit-justify-content: center;
  -ms-flex-pack: center;
  justify-content: center;
}

.emotion-1 {
  text-align: left;
}

.emotion-0 {
  color: #231f20;
}

.emotion-3 {
  -webkit-box-flex: 1;
  -webkit-flex-grow: 1;
  -ms-flex-positive: 1;
  flex-grow: 1;
}

.emotion-2 {
  color: #231f20;
  text-align: left;
  margin-left: 0.5em;
}

.emotion-4 {
  color: -v-a-l-u-e:#768692;
  -d-a-r-k-e-r25: #59656e;
  -l-i-g-h-t-e-r25: #98a4ad;
  text-align: right;
}

.emotion-5 {
  color: -v-a-l-u-e:#768692;
  -d-a-r-k-e-r25: #59656e;
  -l-i-g-h-t-e-r25: #98a4ad;
  text-align: right;
}

<AppointmentSummary
  encounters={
    Array [
      Object {
        "id": "346ca927-67e0-e931-a2c7-115087226fg2|appointment",
        "metadata": Object {
          "dataSources": Array [
            Object {
              "display": "Mock",
            },
          ],
          "isRedacted": true,
          "requestedWhen": "",
        },
        "period": Object {
          "start": Object {
            "kind": "DATE",
            "value": "2020-04-01T00:00:00+00:00",
          },
        },
        "serviceProvider": Object {
          "display": "Beeston Village Surgery",
          "typeName": "GP",
        },
        "status": "PLANNED",
        "text": Object {
          "div": "test",
          "text": "See GP regarding sore throat",
        },
        "type": Array [
          Object {
            "coding": Array [
              Object {
                "code": "64706",
                "display": "GP",
              },
            ],
            "text": "See GP regarding sore throat",
          },
        ],
      },
      Object {
        "id": "941ca927-34e0-e911-a2c7-005087226fe4|appointment",
        "metadata": Object {
          "dataSources": Array [
            Object {
              "display": "Mock",
            },
          ],
          "isRedacted": true,
          "requestedWhen": "",
        },
        "period": Object {
          "start": Object {
            "kind": "DATE",
            "value": "2019-12-12T00:00:00+00:00",
          },
        },
        "serviceProvider": Object {
          "display": "Chapel Allerton Hospital",
          "typeName": "Hospital",
        },
        "status": "FINISHED",
        "text": Object {
          "div": "test",
          "text": "Chest x-ray for recent car accident",
        },
        "type": Array [
          Object {
            "coding": Array [
              Object {
                "code": "26706",
                "display": "Hospital",
              },
            ],
            "text": "Chest x-ray for recent car accident",
          },
        ],
      },
    ]
  }
>
  <ListItem
    key="346ca927-67e0-e931-a2c7-115087226fg2|appointment"
  >
    <li>
      <AppointmentSummaryItem
        encounter={
          Object {
            "id": "346ca927-67e0-e931-a2c7-115087226fg2|appointment",
            "metadata": Object {
              "dataSources": Array [
                Object {
                  "display": "Mock",
                },
              ],
              "isRedacted": true,
              "requestedWhen": "",
            },
            "period": Object {
              "start": Object {
                "kind": "DATE",
                "value": "2020-04-01T00:00:00+00:00",
              },
            },
            "serviceProvider": Object {
              "display": "Beeston Village Surgery",
              "typeName": "GP",
            },
            "status": "PLANNED",
            "text": Object {
              "div": "test",
              "text": "See GP regarding sore throat",
            },
            "type": Array [
              Object {
                "coding": Array [
                  Object {
                    "code": "64706",
                    "display": "GP",
                  },
                ],
                "text": "See GP regarding sore throat",
              },
            ],
          }
        }
      >
        <div
          className="emotion-6"
          role="link"
        >
          <div
            className="emotion-1"
          >
            <DateSummary
              datetime={
                Object {
                  "kind": "DATE",
                  "value": "2020-04-01T00:00:00+00:00",
                }
              }
            >
              <div
                className="emotion-0"
              >
                01-Apr-2020
              </div>
            </DateSummary>
          </div>
          <div
            className="emotion-3"
          >
            <AppointmentDescription
              encounter={
                Object {
                  "id": "346ca927-67e0-e931-a2c7-115087226fg2|appointment",
                  "metadata": Object {
                    "dataSources": Array [
                      Object {
                        "display": "Mock",
                      },
                    ],
                    "isRedacted": true,
                    "requestedWhen": "",
                  },
                  "period": Object {
                    "start": Object {
                      "kind": "DATE",
                      "value": "2020-04-01T00:00:00+00:00",
                    },
                  },
                  "serviceProvider": Object {
                    "display": "Beeston Village Surgery",
                    "typeName": "GP",
                  },
                  "status": "PLANNED",
                  "text": Object {
                    "div": "test",
                    "text": "See GP regarding sore throat",
                  },
                  "type": Array [
                    Object {
                      "coding": Array [
                        Object {
                          "code": "64706",
                          "display": "GP",
                        },
                      ],
                      "text": "See GP regarding sore throat",
                    },
                  ],
                }
              }
            >
              <div
                className="emotion-2"
              >
                See GP regarding sore throat
              </div>
            </AppointmentDescription>
          </div>
          <div>
            <AppointmentServiceProvider
              encounter={
                Object {
                  "id": "346ca927-67e0-e931-a2c7-115087226fg2|appointment",
                  "metadata": Object {
                    "dataSources": Array [
                      Object {
                        "display": "Mock",
                      },
                    ],
                    "isRedacted": true,
                    "requestedWhen": "",
                  },
                  "period": Object {
                    "start": Object {
                      "kind": "DATE",
                      "value": "2020-04-01T00:00:00+00:00",
                    },
                  },
                  "serviceProvider": Object {
                    "display": "Beeston Village Surgery",
                    "typeName": "GP",
                  },
                  "status": "PLANNED",
                  "text": Object {
                    "div": "test",
                    "text": "See GP regarding sore throat",
                  },
                  "type": Array [
                    Object {
                      "coding": Array [
                        Object {
                          "code": "64706",
                          "display": "GP",
                        },
                      ],
                      "text": "See GP regarding sore throat",
                    },
                  ],
                }
              }
            >
              <div
                className="emotion-4"
              >
                Beeston Village Surgery
              </div>
            </AppointmentServiceProvider>
            <AppointmentStatus
              encounter={
                Object {
                  "id": "346ca927-67e0-e931-a2c7-115087226fg2|appointment",
                  "metadata": Object {
                    "dataSources": Array [
                      Object {
                        "display": "Mock",
                      },
                    ],
                    "isRedacted": true,
                    "requestedWhen": "",
                  },
                  "period": Object {
                    "start": Object {
                      "kind": "DATE",
                      "value": "2020-04-01T00:00:00+00:00",
                    },
                  },
                  "serviceProvider": Object {
                    "display": "Beeston Village Surgery",
                    "typeName": "GP",
                  },
                  "status": "PLANNED",
                  "text": Object {
                    "div": "test",
                    "text": "See GP regarding sore throat",
                  },
                  "type": Array [
                    Object {
                      "coding": Array [
                        Object {
                          "code": "64706",
                          "display": "GP",
                        },
                      ],
                      "text": "See GP regarding sore throat",
                    },
                  ],
                }
              }
            >
              <div
                className="emotion-5"
              >
                Planned
              </div>
            </AppointmentStatus>
          </div>
        </div>
      </AppointmentSummaryItem>
    </li>
  </ListItem>
  <ListItem
    key="941ca927-34e0-e911-a2c7-005087226fe4|appointment"
  >
    <li>
      <AppointmentSummaryItem
        encounter={
          Object {
            "id": "941ca927-34e0-e911-a2c7-005087226fe4|appointment",
            "metadata": Object {
              "dataSources": Array [
                Object {
                  "display": "Mock",
                },
              ],
              "isRedacted": true,
              "requestedWhen": "",
            },
            "period": Object {
              "start": Object {
                "kind": "DATE",
                "value": "2019-12-12T00:00:00+00:00",
              },
            },
            "serviceProvider": Object {
              "display": "Chapel Allerton Hospital",
              "typeName": "Hospital",
            },
            "status": "FINISHED",
            "text": Object {
              "div": "test",
              "text": "Chest x-ray for recent car accident",
            },
            "type": Array [
              Object {
                "coding": Array [
                  Object {
                    "code": "26706",
                    "display": "Hospital",
                  },
                ],
                "text": "Chest x-ray for recent car accident",
              },
            ],
          }
        }
      >
        <div
          className="emotion-6"
          role="link"
        >
          <div
            className="emotion-1"
          >
            <DateSummary
              datetime={
                Object {
                  "kind": "DATE",
                  "value": "2019-12-12T00:00:00+00:00",
                }
              }
            >
              <div
                className="emotion-0"
              >
                12-Dec-2019
              </div>
            </DateSummary>
          </div>
          <div
            className="emotion-3"
          >
            <AppointmentDescription
              encounter={
                Object {
                  "id": "941ca927-34e0-e911-a2c7-005087226fe4|appointment",
                  "metadata": Object {
                    "dataSources": Array [
                      Object {
                        "display": "Mock",
                      },
                    ],
                    "isRedacted": true,
                    "requestedWhen": "",
                  },
                  "period": Object {
                    "start": Object {
                      "kind": "DATE",
                      "value": "2019-12-12T00:00:00+00:00",
                    },
                  },
                  "serviceProvider": Object {
                    "display": "Chapel Allerton Hospital",
                    "typeName": "Hospital",
                  },
                  "status": "FINISHED",
                  "text": Object {
                    "div": "test",
                    "text": "Chest x-ray for recent car accident",
                  },
                  "type": Array [
                    Object {
                      "coding": Array [
                        Object {
                          "code": "26706",
                          "display": "Hospital",
                        },
                      ],
                      "text": "Chest x-ray for recent car accident",
                    },
                  ],
                }
              }
            >
              <div
                className="emotion-2"
              >
                Chest x-ray for recent car accident
              </div>
            </AppointmentDescription>
          </div>
          <div>
            <AppointmentServiceProvider
              encounter={
                Object {
                  "id": "941ca927-34e0-e911-a2c7-005087226fe4|appointment",
                  "metadata": Object {
                    "dataSources": Array [
                      Object {
                        "display": "Mock",
                      },
                    ],
                    "isRedacted": true,
                    "requestedWhen": "",
                  },
                  "period": Object {
                    "start": Object {
                      "kind": "DATE",
                      "value": "2019-12-12T00:00:00+00:00",
                    },
                  },
                  "serviceProvider": Object {
                    "display": "Chapel Allerton Hospital",
                    "typeName": "Hospital",
                  },
                  "status": "FINISHED",
                  "text": Object {
                    "div": "test",
                    "text": "Chest x-ray for recent car accident",
                  },
                  "type": Array [
                    Object {
                      "coding": Array [
                        Object {
                          "code": "26706",
                          "display": "Hospital",
                        },
                      ],
                      "text": "Chest x-ray for recent car accident",
                    },
                  ],
                }
              }
            >
              <div
                className="emotion-4"
              >
                Chapel Allerton Hospital
              </div>
            </AppointmentServiceProvider>
            <AppointmentStatus
              encounter={
                Object {
                  "id": "941ca927-34e0-e911-a2c7-005087226fe4|appointment",
                  "metadata": Object {
                    "dataSources": Array [
                      Object {
                        "display": "Mock",
                      },
                    ],
                    "isRedacted": true,
                    "requestedWhen": "",
                  },
                  "period": Object {
                    "start": Object {
                      "kind": "DATE",
                      "value": "2019-12-12T00:00:00+00:00",
                    },
                  },
                  "serviceProvider": Object {
                    "display": "Chapel Allerton Hospital",
                    "typeName": "Hospital",
                  },
                  "status": "FINISHED",
                  "text": Object {
                    "div": "test",
                    "text": "Chest x-ray for recent car accident",
                  },
                  "type": Array [
                    Object {
                      "coding": Array [
                        Object {
                          "code": "26706",
                          "display": "Hospital",
                        },
                      ],
                      "text": "Chest x-ray for recent car accident",
                    },
                  ],
                }
              }
            >
              <div
                className="emotion-5"
              >
                Finished
              </div>
            </AppointmentStatus>
          </div>
        </div>
      </AppointmentSummaryItem>
    </li>
  </ListItem>
</AppointmentSummary>
`;
