// Jest Snapshot v1, https://goo.gl/fbAQLP

exports[`AllergySummaryItem matches snapshot: wrapper mount 1`] = `
.emotion-8 {
  display: -webkit-box;
  display: -webkit-flex;
  display: -ms-flexbox;
  display: flex;
  -webkit-box-pack: center;
  -webkit-justify-content: center;
  -ms-flex-pack: center;
  justify-content: center;
}

.emotion-2 {
  min-width: 1rem;
}

.emotion-0 {
  color: #DA291C;
}

.emotion-5 {
  -webkit-box-flex: 1;
  -webkit-flex-grow: 1;
  -ms-flex-positive: 1;
  flex-grow: 1;
  padding-left: 0.5rem;
  text-align: left;
}

.emotion-3 {
  color: #231f20;
}

.emotion-4 {
  color: #768692;
}

.emotion-6 {
  color: #231f20;
}

.emotion-7 {
  color: #768692;
}

<AllergySummaryItem
  allergy={
    Object {
      "assertedDate": Object {
        "kind": "YEAR",
        "value": "2013-01-01T00:00:00+00:00",
      },
      "category": Array [
        "ENVIRONMENT",
      ],
      "clinicalStatus": "ACTIVE",
      "code": Object {
        "coding": Array [
          Object {
            "code": "109006",
            "display": "Dust Mites",
          },
        ],
      },
      "criticality": "HIGH",
      "id": "580ca927-34e0-e911-a2c7-005056926fe4|allergyalert",
      "metadata": Object {
        "dataSources": Array [
          Object {
            "display": "Mock",
          },
        ],
      },
      "type": "ALLERGY",
      "verificationStatus": "CONFIRMED",
    }
  }
>
  <SummaryItem
    icon={
      <ExclamationIcon
        size="medium"
        status="red"
      />
    }
    primaryFooter="2013"
    primaryHeader="Dust Mites"
    secondaryFooter="Active - Confirmed"
    secondaryHeader="109006 - Environment - Allergy"
  >
    <SummaryItemBody>
      <div
        className="emotion-8"
        role="link"
      >
        <SummaryItemIcon>
          <div
            className="emotion-2"
          >
            <ExclamationIcon
              size="medium"
              status="red"
            >
              <FontAwesomeIcon
                border={false}
                className="emotion-0"
                fixedWidth={false}
                flip={null}
                icon={
                  Object {
                    "icon": Array [
                      576,
                      512,
                      Array [],
                      "f071",
                      "M569.517 440.013C587.975 472.007 564.806 512 527.94 512H48.054c-36.937 0-59.999-40.055-41.577-71.987L246.423 23.985c18.467-32.009 64.72-31.951 83.154 0l239.94 416.028zM288 354c-25.405 0-46 20.595-46 46s20.595 46 46 46 46-20.595 46-46-20.595-46-46-46zm-43.673-165.346l7.418 136c.347 6.364 5.609 11.346 11.982 11.346h48.546c6.373 0 11.635-4.982 11.982-11.346l7.418-136c.375-6.874-5.098-12.654-11.982-12.654h-63.383c-6.884 0-12.356 5.78-11.981 12.654z",
                    ],
                    "iconName": "exclamation-triangle",
                    "prefix": "fas",
                  }
                }
                inverse={false}
                listItem={false}
                mask={null}
                pull={null}
                pulse={false}
                rotation={null}
                size="sm"
                spin={false}
                swapOpacity={false}
                symbol={false}
                title=""
                transform={null}
              >
                <svg
                  aria-hidden="true"
                  className="svg-inline--fa fa-exclamation-triangle fa-w-18 fa-sm emotion-0"
                  data-icon="exclamation-triangle"
                  data-prefix="fas"
                  focusable="false"
                  role="img"
                  style={Object {}}
                  viewBox="0 0 576 512"
                  xmlns="http://www.w3.org/2000/svg"
                >
                  <path
                    d="M569.517 440.013C587.975 472.007 564.806 512 527.94 512H48.054c-36.937 0-59.999-40.055-41.577-71.987L246.423 23.985c18.467-32.009 64.72-31.951 83.154 0l239.94 416.028zM288 354c-25.405 0-46 20.595-46 46s20.595 46 46 46 46-20.595 46-46-20.595-46-46-46zm-43.673-165.346l7.418 136c.347 6.364 5.609 11.346 11.982 11.346h48.546c6.373 0 11.635-4.982 11.982-11.346l7.418-136c.375-6.874-5.098-12.654-11.982-12.654h-63.383c-6.884 0-12.356 5.78-11.981 12.654z"
                    fill="currentColor"
                    style={Object {}}
                  />
                </svg>
              </FontAwesomeIcon>
            </ExclamationIcon>
          </div>
        </SummaryItemIcon>
        <SummaryItemHeader
          primary="Dust Mites"
          secondary="109006 - Environment - Allergy"
        >
          <div
            className="emotion-5"
          >
            <div
              className="emotion-3"
            >
              Dust Mites
            </div>
            <div
              className="emotion-4"
            >
              109006 - Environment - Allergy
            </div>
          </div>
        </SummaryItemHeader>
        <SummaryItemFooter
          primary="2013"
          secondary="Active - Confirmed"
        >
          <div>
            <div
              className="emotion-6"
            >
              2013
            </div>
            <div
              className="emotion-7"
            >
              Active - Confirmed
            </div>
          </div>
        </SummaryItemFooter>
      </div>
    </SummaryItemBody>
  </SummaryItem>
</AllergySummaryItem>
`;
