// Jest Snapshot v1, https://goo.gl/fbAQLP

exports[`HospitalStaySummary matches snapshot: wrapper mount 1`] = `
.emotion-12 {
  color: #231f20;
  font-family: 'SF Pro Text','SF Pro Icons','Helvetica Neue',Helvetica,Arial,sans-serif;
  font-size: 0.8rem;
  background: #fff;
  color: #000;
  margin-bottom: 0.5rem;
  border-radius: 5px;
  box-shadow: 3px 3px 3px #666;
  -webkit-box-shadow: 3px 3px 3px #666;
  margin: 0 5px 10px 0;
  -webkit-font-smoothing: antialiased;
}

.emotion-12 *,
.emotion-12 ::before,
.emotion-12 ::after {
  box-sizing: border-box;
  padding: 0;
  margin: 0;
}

.emotion-12 * {
  margin: 0;
  padding: 0;
}

.emotion-12 h3 {
  font-size: 1rem;
}

@media only screen and (min-width:768px) {
  .emotion-12 {
    font-size: 0.9rem;
  }

  .emotion-12 h3 {
    font-size: 1.1rem;
  }
}

@media only screen and (min-width:1024px) {
  .emotion-12 {
    font-size: 1rem;
  }

  .emotion-12 h3 {
    font-size: 1.2rem;
  }
}

@media only screen and (min-width:1200px) {
  .emotion-12 {
    font-size: 1.1rem;
  }

  .emotion-12 h3 {
    font-size: 1.3rem;
  }
}

.emotion-0 {
  padding: 0.5rem;
}

.emotion-11 {
  list-style: none;
  padding-left: 0.5rem;
}

.emotion-11 li {
  border-top: 1px solid #b0b0b0;
  padding: 0.5rem 0.5rem 0.5rem 0;
}

.emotion-11 li:hover {
  cursor: pointer;
  background: #E8EDEE;
}

.emotion-5 {
  display: -webkit-box;
  display: -webkit-flex;
  display: -ms-flexbox;
  display: flex;
  -webkit-box-pack: center;
  -webkit-justify-content: center;
  -ms-flex-pack: center;
  justify-content: center;
}

.emotion-2 {
  -webkit-box-flex: 1;
  -webkit-flex-grow: 1;
  -ms-flex-positive: 1;
  flex-grow: 1;
}

.emotion-1 {
  color: #231f20;
  text-align: left;
}

.emotion-3 {
  color: #768692;
  text-align: right;
}

<HospitalStaySummary
  clickHandler={[Function]}
  hospitalStays={
    Array [
      Object {
        "id": "580ca927-34e0-e911-a2c7-005056926fe4|hospitalstay",
        "metadata": Object {
          "dataSources": Array [
            Object {
              "display": "Mock",
            },
          ],
        },
        "period": Object {
          "end": Object {
            "kind": "DATE",
            "value": "2014-02-02T00:00:00+00:00",
          },
          "start": Object {
            "kind": "DATE",
            "value": "2013-01-01T00:00:00+00:00",
          },
        },
        "serviceProvider": Object {
          "display": "Chapel Allerton Hospital",
          "typeName": "Hospital",
        },
      },
      Object {
        "id": "690ca927-68e0-c511-b2c7-898056926ze4|hospitalstay",
        "metadata": Object {
          "dataSources": Array [
            Object {
              "display": "Mock",
            },
          ],
        },
        "period": Object {
          "start": Object {
            "kind": "DATE",
            "value": "2020-01-01T00:00:00+00:00",
          },
        },
        "serviceProvider": Object {
          "display": "Beaumont Hospital",
          "typeName": "Hospital",
        },
      },
    ]
  }
  title="Hospital Stays"
>
  <Widget>
    <div
      className="emotion-12"
    >
      <WidgetHeader>
        <div
          className="emotion-0"
        >
          <h3>
            Hospital Stays
          </h3>
        </div>
      </WidgetHeader>
      <WidgetList
        clickable={true}
      >
        <ul
          className="emotion-11"
        >
          <WidgetListItem
            key="0"
          >
            <li>
              <HospitalStaySummaryItem
                clickHandler={[Function]}
                hospitalStay={
                  Object {
                    "id": "580ca927-34e0-e911-a2c7-005056926fe4|hospitalstay",
                    "metadata": Object {
                      "dataSources": Array [
                        Object {
                          "display": "Mock",
                        },
                      ],
                    },
                    "period": Object {
                      "end": Object {
                        "kind": "DATE",
                        "value": "2014-02-02T00:00:00+00:00",
                      },
                      "start": Object {
                        "kind": "DATE",
                        "value": "2013-01-01T00:00:00+00:00",
                      },
                    },
                    "serviceProvider": Object {
                      "display": "Chapel Allerton Hospital",
                      "typeName": "Hospital",
                    },
                  }
                }
              >
                <div
                  className="emotion-5"
                  onClick={[Function]}
                >
                  <div
                    className="emotion-2"
                  >
                    <HospitalStayPeriod
                      hospitalStay={
                        Object {
                          "id": "580ca927-34e0-e911-a2c7-005056926fe4|hospitalstay",
                          "metadata": Object {
                            "dataSources": Array [
                              Object {
                                "display": "Mock",
                              },
                            ],
                          },
                          "period": Object {
                            "end": Object {
                              "kind": "DATE",
                              "value": "2014-02-02T00:00:00+00:00",
                            },
                            "start": Object {
                              "kind": "DATE",
                              "value": "2013-01-01T00:00:00+00:00",
                            },
                          },
                          "serviceProvider": Object {
                            "display": "Chapel Allerton Hospital",
                            "typeName": "Hospital",
                          },
                        }
                      }
                    >
                      <div
                        className="emotion-1"
                      >
                        01-Jan-2013 to 02-Feb-2014
                      </div>
                    </HospitalStayPeriod>
                  </div>
                  <div
                    className="emotion-2"
                  >
                    <HospitalStayServiceProvider
                      hospitalStay={
                        Object {
                          "id": "580ca927-34e0-e911-a2c7-005056926fe4|hospitalstay",
                          "metadata": Object {
                            "dataSources": Array [
                              Object {
                                "display": "Mock",
                              },
                            ],
                          },
                          "period": Object {
                            "end": Object {
                              "kind": "DATE",
                              "value": "2014-02-02T00:00:00+00:00",
                            },
                            "start": Object {
                              "kind": "DATE",
                              "value": "2013-01-01T00:00:00+00:00",
                            },
                          },
                          "serviceProvider": Object {
                            "display": "Chapel Allerton Hospital",
                            "typeName": "Hospital",
                          },
                        }
                      }
                    >
                      <div
                        className="emotion-3"
                      >
                        Chapel Allerton Hospital
                      </div>
                    </HospitalStayServiceProvider>
                  </div>
                </div>
              </HospitalStaySummaryItem>
            </li>
          </WidgetListItem>
          <WidgetListItem
            key="1"
          >
            <li>
              <HospitalStaySummaryItem
                clickHandler={[Function]}
                hospitalStay={
                  Object {
                    "id": "690ca927-68e0-c511-b2c7-898056926ze4|hospitalstay",
                    "metadata": Object {
                      "dataSources": Array [
                        Object {
                          "display": "Mock",
                        },
                      ],
                    },
                    "period": Object {
                      "start": Object {
                        "kind": "DATE",
                        "value": "2020-01-01T00:00:00+00:00",
                      },
                    },
                    "serviceProvider": Object {
                      "display": "Beaumont Hospital",
                      "typeName": "Hospital",
                    },
                  }
                }
              >
                <div
                  className="emotion-5"
                  onClick={[Function]}
                >
                  <div
                    className="emotion-2"
                  >
                    <HospitalStayPeriod
                      hospitalStay={
                        Object {
                          "id": "690ca927-68e0-c511-b2c7-898056926ze4|hospitalstay",
                          "metadata": Object {
                            "dataSources": Array [
                              Object {
                                "display": "Mock",
                              },
                            ],
                          },
                          "period": Object {
                            "start": Object {
                              "kind": "DATE",
                              "value": "2020-01-01T00:00:00+00:00",
                            },
                          },
                          "serviceProvider": Object {
                            "display": "Beaumont Hospital",
                            "typeName": "Hospital",
                          },
                        }
                      }
                    >
                      <div
                        className="emotion-1"
                      >
                        01-Jan-2020 to Present
                      </div>
                    </HospitalStayPeriod>
                  </div>
                  <div
                    className="emotion-2"
                  >
                    <HospitalStayServiceProvider
                      hospitalStay={
                        Object {
                          "id": "690ca927-68e0-c511-b2c7-898056926ze4|hospitalstay",
                          "metadata": Object {
                            "dataSources": Array [
                              Object {
                                "display": "Mock",
                              },
                            ],
                          },
                          "period": Object {
                            "start": Object {
                              "kind": "DATE",
                              "value": "2020-01-01T00:00:00+00:00",
                            },
                          },
                          "serviceProvider": Object {
                            "display": "Beaumont Hospital",
                            "typeName": "Hospital",
                          },
                        }
                      }
                    >
                      <div
                        className="emotion-3"
                      >
                        Beaumont Hospital
                      </div>
                    </HospitalStayServiceProvider>
                  </div>
                </div>
              </HospitalStaySummaryItem>
            </li>
          </WidgetListItem>
        </ul>
      </WidgetList>
    </div>
  </Widget>
</HospitalStaySummary>
`;
