// Jest Snapshot v1, https://goo.gl/fbAQLP

exports[`CommunityTreatmentOrderSummary matches snapshot: wrapper mount 1`] = `
.emotion-6 {
  color: #231f20;
  font-family: 'SF Pro Text','SF Pro Icons','Helvetica Neue',Helvetica,Arial,sans-serif;
  font-size: 0.8rem;
  background: #FFFFFF;
  color: #231f20;
  margin-bottom: 0.5rem;
  border-radius: 4px;
  box-shadow: 0px 2px 1px -1px rgba(102,102,102,0.1), 0px 1px 1px 0px rgba(102,102,102,0.15), 0px 1px 3px 0px rgba(102,102,102,.6);
  margin: 0 5px 10px 0;
  -webkit-font-smoothing: antialiased;
}

.emotion-6 *,
.emotion-6 ::before,
.emotion-6 ::after {
  box-sizing: border-box;
  padding: 0;
  margin: 0;
}

.emotion-6 * {
  margin: 0;
  padding: 0;
}

.emotion-6 h3 {
  font-size: 1rem;
}

@media only screen and (min-width:768px) {
  .emotion-6 {
    font-size: 0.9rem;
  }

  .emotion-6 h3 {
    font-size: 1.1rem;
  }
}

@media only screen and (min-width:1024px) {
  .emotion-6 {
    font-size: 1rem;
  }

  .emotion-6 h3 {
    font-size: 1.2rem;
  }
}

@media only screen and (min-width:1200px) {
  .emotion-6 {
    font-size: 1.1rem;
  }

  .emotion-6 h3 {
    font-size: 1.3rem;
  }
}

.emotion-3 {
  display: -webkit-box;
  display: -webkit-flex;
  display: -ms-flexbox;
  display: flex;
  -webkit-box-pack: justify;
  -webkit-justify-content: space-between;
  -ms-flex-pack: justify;
  justify-content: space-between;
  padding: 0.5rem;
}

.emotion-3:hover {
  cursor: pointer;
}

.emotion-0 {
  list-style: none;
  padding-left: 0.5rem;
  color: #231f20;
  text-align: center;
}

.emotion-1 {
  color: #768692;
}

.emotion-5 {
  padding: 0.5rem 0 0.5rem 0.5rem;
}

.emotion-4 {
  list-style: none;
  padding-left: 0.5rem;
}

.emotion-4 dt {
  color: #768692;
  margin-top: 10px;
}

.emotion-4 dd {
  color: #231f20;
  margin-top: 5px;
}

<CommunityTreatmentOrderDetail
  communityTreatmentOrder={
    Object {
      "consentToTreat": "Consent Not Given",
      "id": "580ca927-34e0-e911-a2c7-005056926fe4|communityTreatmentOrder",
      "legalStatus": Object {
        "coding": Array [
          Object {
            "code": "3309007",
            "display": "Approved",
          },
        ],
        "text": "Approved",
      },
      "metadata": Object {
        "dataSources": Array [
          Object {
            "display": "Mock",
          },
        ],
      },
      "period": Object {
        "end": Object {
          "kind": "DATE",
          "value": "2014-02-02T00:00:00+00:00",
        },
        "start": Object {
          "kind": "DATE",
          "value": "2013-01-01T00:00:00+00:00",
        },
      },
      "restrictions": "No restrictions",
    }
  }
  title="Community Treatment Order"
>
  <Widget>
    <WidgetProvider
      collapsible={true}
      noData={false}
    >
      <div
        className="emotion-6"
      >
        <WidgetHeader>
          <div
            className="emotion-3"
            onClick={[Function]}
            title="Click to collapse"
          >
            <div>
              <SubHeader>
                <h2
                  className="emotion-0"
                >
                  Community Treatment Order
                </h2>
              </SubHeader>
            </div>
            <div>
              <ChevronCircleIcon
                direction="down"
                size="medium"
              >
                <FontAwesomeIcon
                  border={false}
                  className="emotion-1"
                  fixedWidth={false}
                  flip={null}
                  icon={
                    Object {
                      "icon": Array [
                        512,
                        512,
                        Array [],
                        "f13a",
                        "M504 256c0 137-111 248-248 248S8 393 8 256 119 8 256 8s248 111 248 248zM273 369.9l135.5-135.5c9.4-9.4 9.4-24.6 0-33.9l-17-17c-9.4-9.4-24.6-9.4-33.9 0L256 285.1 154.4 183.5c-9.4-9.4-24.6-9.4-33.9 0l-17 17c-9.4 9.4-9.4 24.6 0 33.9L239 369.9c9.4 9.4 24.6 9.4 34 0z",
                      ],
                      "iconName": "chevron-circle-down",
                      "prefix": "fas",
                    }
                  }
                  inverse={false}
                  listItem={false}
                  mask={null}
                  pull={null}
                  pulse={false}
                  rotation={null}
                  size="sm"
                  spin={false}
                  swapOpacity={false}
                  symbol={false}
                  title=""
                  transform={null}
                >
                  <svg
                    aria-hidden="true"
                    className="svg-inline--fa fa-chevron-circle-down fa-w-16 fa-sm emotion-1"
                    data-icon="chevron-circle-down"
                    data-prefix="fas"
                    focusable="false"
                    role="img"
                    style={Object {}}
                    viewBox="0 0 512 512"
                    xmlns="http://www.w3.org/2000/svg"
                  >
                    <path
                      d="M504 256c0 137-111 248-248 248S8 393 8 256 119 8 256 8s248 111 248 248zM273 369.9l135.5-135.5c9.4-9.4 9.4-24.6 0-33.9l-17-17c-9.4-9.4-24.6-9.4-33.9 0L256 285.1 154.4 183.5c-9.4-9.4-24.6-9.4-33.9 0l-17 17c-9.4 9.4-9.4 24.6 0 33.9L239 369.9c9.4 9.4 24.6 9.4 34 0z"
                      fill="currentColor"
                      style={Object {}}
                    />
                  </svg>
                </FontAwesomeIcon>
              </ChevronCircleIcon>
            </div>
          </div>
        </WidgetHeader>
        <WidgetBody>
          <div
            className="emotion-5"
          >
            <CommunityTreatmentOrderDetailItem
              communityTreatmentOrder={
                Object {
                  "consentToTreat": "Consent Not Given",
                  "id": "580ca927-34e0-e911-a2c7-005056926fe4|communityTreatmentOrder",
                  "legalStatus": Object {
                    "coding": Array [
                      Object {
                        "code": "3309007",
                        "display": "Approved",
                      },
                    ],
                    "text": "Approved",
                  },
                  "metadata": Object {
                    "dataSources": Array [
                      Object {
                        "display": "Mock",
                      },
                    ],
                  },
                  "period": Object {
                    "end": Object {
                      "kind": "DATE",
                      "value": "2014-02-02T00:00:00+00:00",
                    },
                    "start": Object {
                      "kind": "DATE",
                      "value": "2013-01-01T00:00:00+00:00",
                    },
                  },
                  "restrictions": "No restrictions",
                }
              }
            >
              <DetailList>
                <dl
                  className="emotion-4"
                >
                  <DetailListItemString
                    string="Consent Not Given"
                    tag="Consent"
                  >
                    <DetailListItemTag>
                      <dt>
                        Consent
                      </dt>
                    </DetailListItemTag>
                    <DetailListItemDescription>
                      <dd>
                        Consent Not Given
                      </dd>
                    </DetailListItemDescription>
                  </DetailListItemString>
                  <DetailListItemCodeableConceptDisplay
                    concept={
                      Object {
                        "coding": Array [
                          Object {
                            "code": "3309007",
                            "display": "Approved",
                          },
                        ],
                        "text": "Approved",
                      }
                    }
                    tag="Legal Status"
                  >
                    <DetailListItemTag>
                      <dt>
                        Legal Status
                      </dt>
                    </DetailListItemTag>
                    <DetailListItemDescription>
                      <dd>
                        Approved
                      </dd>
                    </DetailListItemDescription>
                  </DetailListItemCodeableConceptDisplay>
                  <DetailListItemPeriod
                    period={
                      Object {
                        "end": Object {
                          "kind": "DATE",
                          "value": "2014-02-02T00:00:00+00:00",
                        },
                        "start": Object {
                          "kind": "DATE",
                          "value": "2013-01-01T00:00:00+00:00",
                        },
                      }
                    }
                  >
                    <DetailListItemTag>
                      <dt>
                        Period
                      </dt>
                    </DetailListItemTag>
                    <DetailListItemDescription>
                      <dd>
                        01-Jan-2013 to 02-Feb-2014
                      </dd>
                    </DetailListItemDescription>
                  </DetailListItemPeriod>
                  <DetailListItemString
                    string="No restrictions"
                    tag="Restrictions"
                  >
                    <DetailListItemTag>
                      <dt>
                        Restrictions
                      </dt>
                    </DetailListItemTag>
                    <DetailListItemDescription>
                      <dd>
                        No Restrictions
                      </dd>
                    </DetailListItemDescription>
                  </DetailListItemString>
                </dl>
              </DetailList>
            </CommunityTreatmentOrderDetailItem>
          </div>
        </WidgetBody>
      </div>
    </WidgetProvider>
  </Widget>
</CommunityTreatmentOrderDetail>
`;
