// Jest Snapshot v1, https://goo.gl/fbAQLP

exports[`FlagSummary matches snapshot: wrapper mount 1`] = `
.emotion-16 {
  color: #231f20;
  font-family: 'SF Pro Text','SF Pro Icons','Helvetica Neue',Helvetica,Arial,sans-serif;
  font-size: 0.8rem;
  background: #FFFFFF;
  color: #231f20;
  margin-bottom: 0.5rem;
  border-radius: 4px;
  box-shadow: 0px 2px 1px -1px rgba(102,102,102,0.1), 0px 1px 1px 0px rgba(102,102,102,0.15), 0px 1px 3px 0px rgba(102,102,102,.6);
  margin: 0 5px 10px 0;
  -webkit-font-smoothing: antialiased;
}

.emotion-16 *,
.emotion-16 ::before,
.emotion-16 ::after {
  box-sizing: border-box;
  padding: 0;
  margin: 0;
}

.emotion-16 * {
  margin: 0;
  padding: 0;
}

.emotion-16 h3 {
  font-size: 1rem;
}

@media only screen and (min-width:768px) {
  .emotion-16 {
    font-size: 0.9rem;
  }

  .emotion-16 h3 {
    font-size: 1.1rem;
  }
}

@media only screen and (min-width:1024px) {
  .emotion-16 {
    font-size: 1rem;
  }

  .emotion-16 h3 {
    font-size: 1.2rem;
  }
}

@media only screen and (min-width:1200px) {
  .emotion-16 {
    font-size: 1.1rem;
  }

  .emotion-16 h3 {
    font-size: 1.3rem;
  }
}

.emotion-2 {
  display: -webkit-box;
  display: -webkit-flex;
  display: -ms-flexbox;
  display: flex;
  -webkit-box-pack: justify;
  -webkit-justify-content: space-between;
  -ms-flex-pack: justify;
  justify-content: space-between;
  padding: 0.5rem;
}

.emotion-2:hover {
  cursor: pointer;
}

.emotion-0 {
  color: #768692;
}

.emotion-15 {
  list-style: none;
  padding-left: 0.5rem;
}

.emotion-15 li {
  border-top: 1px solid #b0b0b0;
  padding: 0.5rem 0.5rem 0.5rem 0;
}

.emotion-8 {
  display: -webkit-box;
  display: -webkit-flex;
  display: -ms-flexbox;
  display: flex;
  -webkit-box-pack: center;
  -webkit-justify-content: center;
  -ms-flex-pack: center;
  justify-content: center;
}

.emotion-5 {
  -webkit-box-flex: 1;
  -webkit-flex-grow: 1;
  -ms-flex-positive: 1;
  flex-grow: 1;
}

.emotion-3 {
  color: #231f20;
  text-align: left;
}

.emotion-4 {
  color: #768692;
  text-align: left;
}

.emotion-6 {
  color: #231f20;
  text-align: right;
}

.emotion-7 {
  color: #768692;
  text-align: right;
}

<FlagSummary
  flags={
    Array [
      Object {
        "author": Object {
          "display": "Smith, John (Dr)",
          "identifier": undefined,
          "reference": "https://phoenixqa.careworks.ie/Services/api/fhir/v3/practitioner/9c1ad2c0-ec34-e911-a2c5-005056926fe4|systemuser",
          "typeName": "Practitioner",
        },
        "category": Object {
          "coding": Array [
            Object {
              "code": "66706",
              "display": "Location",
            },
            Object {
              "code": "66707",
              "display": "Demographics",
            },
          ],
        },
        "code": Object {
          "coding": Array [
            Object {
              "code": "109006",
              "display": "Lives in Known High Risk Area",
            },
          ],
        },
        "id": "580ca927-34e0-e911-a2c7-005056926fe5|personalertandhazard",
        "metadata": Object {
          "dataSources": Array [
            Object {
              "display": "Mock",
            },
          ],
          "isRedacted": true,
          "requestedWhen": "",
        },
        "period": Object {
          "start": Object {
            "kind": "YEAR",
            "value": "2013-01-01T00:00:00+00:00",
          },
        },
        "status": "ENTERED_IN_ERROR",
        "text": Object {
          "div": "Lorem ipsum dolor sit amet",
          "text": "Lorem ipsum dolor sit amet, falli nulla oportere vel eu. Ea meis moderatius scripserit his, ei decore ceteros has. Quo at apeirian facilisi consectetuer. At putant animal persius his, inani maiestatis moderatius vis no",
        },
      },
      Object {
        "author": Object {
          "display": "John Smith",
          "identifier": undefined,
          "reference": "https://phoenixqa.careworks.ie/Services/api/fhir/v3/practitioner/9c1ad2c0-ec34-e911-a2c5-005056926fe4|systemuser",
          "typeName": "Practitioner",
        },
        "category": Object {
          "coding": Array [
            Object {
              "code": "66706",
              "display": "Violence",
            },
          ],
        },
        "code": Object {
          "coding": Array [
            Object {
              "code": "56706",
              "display": "High Risk of Violence",
            },
          ],
        },
        "id": "580ca927-34e0-e911-a2c7-005056926fe4|personalertandhazard",
        "metadata": Object {
          "dataSources": Array [
            Object {
              "display": "Mock",
            },
          ],
          "isRedacted": true,
          "requestedWhen": "",
        },
        "period": Object {
          "end": Object {
            "kind": "DATE",
            "value": "2014-02-02T00:00:00+00:00",
          },
          "start": Object {
            "kind": "DATE",
            "value": "2013-01-01T00:00:00+00:00",
          },
        },
        "status": "INACTIVE",
      },
    ]
  }
  title="Alerts"
>
  <Card
    noData={false}
  >
    <CardProvider
      childrenCount={2}
      collapsible={true}
      noData={false}
    >
      <div
        className="emotion-16"
      >
        <CardHeader>
          <div
            className="emotion-2"
            onClick={[Function]}
            title="Click to collapse"
          >
            <div>
              <h3>
                Alerts
              </h3>
            </div>
            <div>
              <ChevronCircleIcon
                direction="down"
                size="medium"
              >
                <FontAwesomeIcon
                  border={false}
                  className="emotion-0"
                  fixedWidth={false}
                  flip={null}
                  icon={
                    Object {
                      "icon": Array [
                        512,
                        512,
                        Array [],
                        "f13a",
                        "M504 256c0 137-111 248-248 248S8 393 8 256 119 8 256 8s248 111 248 248zM273 369.9l135.5-135.5c9.4-9.4 9.4-24.6 0-33.9l-17-17c-9.4-9.4-24.6-9.4-33.9 0L256 285.1 154.4 183.5c-9.4-9.4-24.6-9.4-33.9 0l-17 17c-9.4 9.4-9.4 24.6 0 33.9L239 369.9c9.4 9.4 24.6 9.4 34 0z",
                      ],
                      "iconName": "chevron-circle-down",
                      "prefix": "fas",
                    }
                  }
                  inverse={false}
                  listItem={false}
                  mask={null}
                  pull={null}
                  pulse={false}
                  rotation={null}
                  size="sm"
                  spin={false}
                  swapOpacity={false}
                  symbol={false}
                  title=""
                  transform={null}
                >
                  <svg
                    aria-hidden="true"
                    className="svg-inline--fa fa-chevron-circle-down fa-w-16 fa-sm emotion-0"
                    data-icon="chevron-circle-down"
                    data-prefix="fas"
                    focusable="false"
                    role="img"
                    style={Object {}}
                    viewBox="0 0 512 512"
                    xmlns="http://www.w3.org/2000/svg"
                  >
                    <path
                      d="M504 256c0 137-111 248-248 248S8 393 8 256 119 8 256 8s248 111 248 248zM273 369.9l135.5-135.5c9.4-9.4 9.4-24.6 0-33.9l-17-17c-9.4-9.4-24.6-9.4-33.9 0L256 285.1 154.4 183.5c-9.4-9.4-24.6-9.4-33.9 0l-17 17c-9.4 9.4-9.4 24.6 0 33.9L239 369.9c9.4 9.4 24.6 9.4 34 0z"
                      fill="currentColor"
                      style={Object {}}
                    />
                  </svg>
                </FontAwesomeIcon>
              </ChevronCircleIcon>
            </div>
          </div>
        </CardHeader>
        <CardList
          clickable={false}
        >
          <ul
            className="emotion-15"
          >
            <ListItem
              key="580ca927-34e0-e911-a2c7-005056926fe5|personalertandhazard"
            >
              <li>
                <FlagSummaryItem
                  flag={
                    Object {
                      "author": Object {
                        "display": "Smith, John (Dr)",
                        "identifier": undefined,
                        "reference": "https://phoenixqa.careworks.ie/Services/api/fhir/v3/practitioner/9c1ad2c0-ec34-e911-a2c5-005056926fe4|systemuser",
                        "typeName": "Practitioner",
                      },
                      "category": Object {
                        "coding": Array [
                          Object {
                            "code": "66706",
                            "display": "Location",
                          },
                          Object {
                            "code": "66707",
                            "display": "Demographics",
                          },
                        ],
                      },
                      "code": Object {
                        "coding": Array [
                          Object {
                            "code": "109006",
                            "display": "Lives in Known High Risk Area",
                          },
                        ],
                      },
                      "id": "580ca927-34e0-e911-a2c7-005056926fe5|personalertandhazard",
                      "metadata": Object {
                        "dataSources": Array [
                          Object {
                            "display": "Mock",
                          },
                        ],
                        "isRedacted": true,
                        "requestedWhen": "",
                      },
                      "period": Object {
                        "start": Object {
                          "kind": "YEAR",
                          "value": "2013-01-01T00:00:00+00:00",
                        },
                      },
                      "status": "ENTERED_IN_ERROR",
                      "text": Object {
                        "div": "Lorem ipsum dolor sit amet",
                        "text": "Lorem ipsum dolor sit amet, falli nulla oportere vel eu. Ea meis moderatius scripserit his, ei decore ceteros has. Quo at apeirian facilisi consectetuer. At putant animal persius his, inani maiestatis moderatius vis no",
                      },
                    }
                  }
                >
                  <div
                    className="emotion-8"
                    role="link"
                  >
                    <div
                      className="emotion-5"
                    >
                      <FlagTitle
                        flag={
                          Object {
                            "author": Object {
                              "display": "Smith, John (Dr)",
                              "identifier": undefined,
                              "reference": "https://phoenixqa.careworks.ie/Services/api/fhir/v3/practitioner/9c1ad2c0-ec34-e911-a2c5-005056926fe4|systemuser",
                              "typeName": "Practitioner",
                            },
                            "category": Object {
                              "coding": Array [
                                Object {
                                  "code": "66706",
                                  "display": "Location",
                                },
                                Object {
                                  "code": "66707",
                                  "display": "Demographics",
                                },
                              ],
                            },
                            "code": Object {
                              "coding": Array [
                                Object {
                                  "code": "109006",
                                  "display": "Lives in Known High Risk Area",
                                },
                              ],
                            },
                            "id": "580ca927-34e0-e911-a2c7-005056926fe5|personalertandhazard",
                            "metadata": Object {
                              "dataSources": Array [
                                Object {
                                  "display": "Mock",
                                },
                              ],
                              "isRedacted": true,
                              "requestedWhen": "",
                            },
                            "period": Object {
                              "start": Object {
                                "kind": "YEAR",
                                "value": "2013-01-01T00:00:00+00:00",
                              },
                            },
                            "status": "ENTERED_IN_ERROR",
                            "text": Object {
                              "div": "Lorem ipsum dolor sit amet",
                              "text": "Lorem ipsum dolor sit amet, falli nulla oportere vel eu. Ea meis moderatius scripserit his, ei decore ceteros has. Quo at apeirian facilisi consectetuer. At putant animal persius his, inani maiestatis moderatius vis no",
                            },
                          }
                        }
                      >
                        <div
                          className="emotion-3"
                        >
                          Lives in Known High Risk Area
                        </div>
                      </FlagTitle>
                      <FlagDescription
                        flag={
                          Object {
                            "author": Object {
                              "display": "Smith, John (Dr)",
                              "identifier": undefined,
                              "reference": "https://phoenixqa.careworks.ie/Services/api/fhir/v3/practitioner/9c1ad2c0-ec34-e911-a2c5-005056926fe4|systemuser",
                              "typeName": "Practitioner",
                            },
                            "category": Object {
                              "coding": Array [
                                Object {
                                  "code": "66706",
                                  "display": "Location",
                                },
                                Object {
                                  "code": "66707",
                                  "display": "Demographics",
                                },
                              ],
                            },
                            "code": Object {
                              "coding": Array [
                                Object {
                                  "code": "109006",
                                  "display": "Lives in Known High Risk Area",
                                },
                              ],
                            },
                            "id": "580ca927-34e0-e911-a2c7-005056926fe5|personalertandhazard",
                            "metadata": Object {
                              "dataSources": Array [
                                Object {
                                  "display": "Mock",
                                },
                              ],
                              "isRedacted": true,
                              "requestedWhen": "",
                            },
                            "period": Object {
                              "start": Object {
                                "kind": "YEAR",
                                "value": "2013-01-01T00:00:00+00:00",
                              },
                            },
                            "status": "ENTERED_IN_ERROR",
                            "text": Object {
                              "div": "Lorem ipsum dolor sit amet",
                              "text": "Lorem ipsum dolor sit amet, falli nulla oportere vel eu. Ea meis moderatius scripserit his, ei decore ceteros has. Quo at apeirian facilisi consectetuer. At putant animal persius his, inani maiestatis moderatius vis no",
                            },
                          }
                        }
                      >
                        <div
                          className="emotion-4"
                        >
                          109006 - Location, Demographics
                        </div>
                      </FlagDescription>
                    </div>
                    <div>
                      <FlagDate
                        flag={
                          Object {
                            "author": Object {
                              "display": "Smith, John (Dr)",
                              "identifier": undefined,
                              "reference": "https://phoenixqa.careworks.ie/Services/api/fhir/v3/practitioner/9c1ad2c0-ec34-e911-a2c5-005056926fe4|systemuser",
                              "typeName": "Practitioner",
                            },
                            "category": Object {
                              "coding": Array [
                                Object {
                                  "code": "66706",
                                  "display": "Location",
                                },
                                Object {
                                  "code": "66707",
                                  "display": "Demographics",
                                },
                              ],
                            },
                            "code": Object {
                              "coding": Array [
                                Object {
                                  "code": "109006",
                                  "display": "Lives in Known High Risk Area",
                                },
                              ],
                            },
                            "id": "580ca927-34e0-e911-a2c7-005056926fe5|personalertandhazard",
                            "metadata": Object {
                              "dataSources": Array [
                                Object {
                                  "display": "Mock",
                                },
                              ],
                              "isRedacted": true,
                              "requestedWhen": "",
                            },
                            "period": Object {
                              "start": Object {
                                "kind": "YEAR",
                                "value": "2013-01-01T00:00:00+00:00",
                              },
                            },
                            "status": "ENTERED_IN_ERROR",
                            "text": Object {
                              "div": "Lorem ipsum dolor sit amet",
                              "text": "Lorem ipsum dolor sit amet, falli nulla oportere vel eu. Ea meis moderatius scripserit his, ei decore ceteros has. Quo at apeirian facilisi consectetuer. At putant animal persius his, inani maiestatis moderatius vis no",
                            },
                          }
                        }
                      >
                        <div
                          className="emotion-6"
                        >
                          2013 to Present
                        </div>
                      </FlagDate>
                      <FlagStatus
                        flag={
                          Object {
                            "author": Object {
                              "display": "Smith, John (Dr)",
                              "identifier": undefined,
                              "reference": "https://phoenixqa.careworks.ie/Services/api/fhir/v3/practitioner/9c1ad2c0-ec34-e911-a2c5-005056926fe4|systemuser",
                              "typeName": "Practitioner",
                            },
                            "category": Object {
                              "coding": Array [
                                Object {
                                  "code": "66706",
                                  "display": "Location",
                                },
                                Object {
                                  "code": "66707",
                                  "display": "Demographics",
                                },
                              ],
                            },
                            "code": Object {
                              "coding": Array [
                                Object {
                                  "code": "109006",
                                  "display": "Lives in Known High Risk Area",
                                },
                              ],
                            },
                            "id": "580ca927-34e0-e911-a2c7-005056926fe5|personalertandhazard",
                            "metadata": Object {
                              "dataSources": Array [
                                Object {
                                  "display": "Mock",
                                },
                              ],
                              "isRedacted": true,
                              "requestedWhen": "",
                            },
                            "period": Object {
                              "start": Object {
                                "kind": "YEAR",
                                "value": "2013-01-01T00:00:00+00:00",
                              },
                            },
                            "status": "ENTERED_IN_ERROR",
                            "text": Object {
                              "div": "Lorem ipsum dolor sit amet",
                              "text": "Lorem ipsum dolor sit amet, falli nulla oportere vel eu. Ea meis moderatius scripserit his, ei decore ceteros has. Quo at apeirian facilisi consectetuer. At putant animal persius his, inani maiestatis moderatius vis no",
                            },
                          }
                        }
                      >
                        <div
                          className="emotion-7"
                        >
                          Entered In Error
                        </div>
                      </FlagStatus>
                    </div>
                  </div>
                </FlagSummaryItem>
              </li>
            </ListItem>
            <ListItem
              key="580ca927-34e0-e911-a2c7-005056926fe4|personalertandhazard"
            >
              <li>
                <FlagSummaryItem
                  flag={
                    Object {
                      "author": Object {
                        "display": "John Smith",
                        "identifier": undefined,
                        "reference": "https://phoenixqa.careworks.ie/Services/api/fhir/v3/practitioner/9c1ad2c0-ec34-e911-a2c5-005056926fe4|systemuser",
                        "typeName": "Practitioner",
                      },
                      "category": Object {
                        "coding": Array [
                          Object {
                            "code": "66706",
                            "display": "Violence",
                          },
                        ],
                      },
                      "code": Object {
                        "coding": Array [
                          Object {
                            "code": "56706",
                            "display": "High Risk of Violence",
                          },
                        ],
                      },
                      "id": "580ca927-34e0-e911-a2c7-005056926fe4|personalertandhazard",
                      "metadata": Object {
                        "dataSources": Array [
                          Object {
                            "display": "Mock",
                          },
                        ],
                        "isRedacted": true,
                        "requestedWhen": "",
                      },
                      "period": Object {
                        "end": Object {
                          "kind": "DATE",
                          "value": "2014-02-02T00:00:00+00:00",
                        },
                        "start": Object {
                          "kind": "DATE",
                          "value": "2013-01-01T00:00:00+00:00",
                        },
                      },
                      "status": "INACTIVE",
                    }
                  }
                >
                  <div
                    className="emotion-8"
                    role="link"
                  >
                    <div
                      className="emotion-5"
                    >
                      <FlagTitle
                        flag={
                          Object {
                            "author": Object {
                              "display": "John Smith",
                              "identifier": undefined,
                              "reference": "https://phoenixqa.careworks.ie/Services/api/fhir/v3/practitioner/9c1ad2c0-ec34-e911-a2c5-005056926fe4|systemuser",
                              "typeName": "Practitioner",
                            },
                            "category": Object {
                              "coding": Array [
                                Object {
                                  "code": "66706",
                                  "display": "Violence",
                                },
                              ],
                            },
                            "code": Object {
                              "coding": Array [
                                Object {
                                  "code": "56706",
                                  "display": "High Risk of Violence",
                                },
                              ],
                            },
                            "id": "580ca927-34e0-e911-a2c7-005056926fe4|personalertandhazard",
                            "metadata": Object {
                              "dataSources": Array [
                                Object {
                                  "display": "Mock",
                                },
                              ],
                              "isRedacted": true,
                              "requestedWhen": "",
                            },
                            "period": Object {
                              "end": Object {
                                "kind": "DATE",
                                "value": "2014-02-02T00:00:00+00:00",
                              },
                              "start": Object {
                                "kind": "DATE",
                                "value": "2013-01-01T00:00:00+00:00",
                              },
                            },
                            "status": "INACTIVE",
                          }
                        }
                      >
                        <div
                          className="emotion-3"
                        >
                          High Risk of Violence
                        </div>
                      </FlagTitle>
                      <FlagDescription
                        flag={
                          Object {
                            "author": Object {
                              "display": "John Smith",
                              "identifier": undefined,
                              "reference": "https://phoenixqa.careworks.ie/Services/api/fhir/v3/practitioner/9c1ad2c0-ec34-e911-a2c5-005056926fe4|systemuser",
                              "typeName": "Practitioner",
                            },
                            "category": Object {
                              "coding": Array [
                                Object {
                                  "code": "66706",
                                  "display": "Violence",
                                },
                              ],
                            },
                            "code": Object {
                              "coding": Array [
                                Object {
                                  "code": "56706",
                                  "display": "High Risk of Violence",
                                },
                              ],
                            },
                            "id": "580ca927-34e0-e911-a2c7-005056926fe4|personalertandhazard",
                            "metadata": Object {
                              "dataSources": Array [
                                Object {
                                  "display": "Mock",
                                },
                              ],
                              "isRedacted": true,
                              "requestedWhen": "",
                            },
                            "period": Object {
                              "end": Object {
                                "kind": "DATE",
                                "value": "2014-02-02T00:00:00+00:00",
                              },
                              "start": Object {
                                "kind": "DATE",
                                "value": "2013-01-01T00:00:00+00:00",
                              },
                            },
                            "status": "INACTIVE",
                          }
                        }
                      >
                        <div
                          className="emotion-4"
                        >
                          56706 - Violence
                        </div>
                      </FlagDescription>
                    </div>
                    <div>
                      <FlagDate
                        flag={
                          Object {
                            "author": Object {
                              "display": "John Smith",
                              "identifier": undefined,
                              "reference": "https://phoenixqa.careworks.ie/Services/api/fhir/v3/practitioner/9c1ad2c0-ec34-e911-a2c5-005056926fe4|systemuser",
                              "typeName": "Practitioner",
                            },
                            "category": Object {
                              "coding": Array [
                                Object {
                                  "code": "66706",
                                  "display": "Violence",
                                },
                              ],
                            },
                            "code": Object {
                              "coding": Array [
                                Object {
                                  "code": "56706",
                                  "display": "High Risk of Violence",
                                },
                              ],
                            },
                            "id": "580ca927-34e0-e911-a2c7-005056926fe4|personalertandhazard",
                            "metadata": Object {
                              "dataSources": Array [
                                Object {
                                  "display": "Mock",
                                },
                              ],
                              "isRedacted": true,
                              "requestedWhen": "",
                            },
                            "period": Object {
                              "end": Object {
                                "kind": "DATE",
                                "value": "2014-02-02T00:00:00+00:00",
                              },
                              "start": Object {
                                "kind": "DATE",
                                "value": "2013-01-01T00:00:00+00:00",
                              },
                            },
                            "status": "INACTIVE",
                          }
                        }
                      >
                        <div
                          className="emotion-6"
                        >
                          01-Jan-2013 to 02-Feb-2014
                        </div>
                      </FlagDate>
                      <FlagStatus
                        flag={
                          Object {
                            "author": Object {
                              "display": "John Smith",
                              "identifier": undefined,
                              "reference": "https://phoenixqa.careworks.ie/Services/api/fhir/v3/practitioner/9c1ad2c0-ec34-e911-a2c5-005056926fe4|systemuser",
                              "typeName": "Practitioner",
                            },
                            "category": Object {
                              "coding": Array [
                                Object {
                                  "code": "66706",
                                  "display": "Violence",
                                },
                              ],
                            },
                            "code": Object {
                              "coding": Array [
                                Object {
                                  "code": "56706",
                                  "display": "High Risk of Violence",
                                },
                              ],
                            },
                            "id": "580ca927-34e0-e911-a2c7-005056926fe4|personalertandhazard",
                            "metadata": Object {
                              "dataSources": Array [
                                Object {
                                  "display": "Mock",
                                },
                              ],
                              "isRedacted": true,
                              "requestedWhen": "",
                            },
                            "period": Object {
                              "end": Object {
                                "kind": "DATE",
                                "value": "2014-02-02T00:00:00+00:00",
                              },
                              "start": Object {
                                "kind": "DATE",
                                "value": "2013-01-01T00:00:00+00:00",
                              },
                            },
                            "status": "INACTIVE",
                          }
                        }
                      >
                        <div
                          className="emotion-7"
                        >
                          Inactive
                        </div>
                      </FlagStatus>
                    </div>
                  </div>
                </FlagSummaryItem>
              </li>
            </ListItem>
          </ul>
        </CardList>
      </div>
    </CardProvider>
  </Card>
</FlagSummary>
`;
